Component: ARM Compiler 5.06 update 4 (build 422) Tool: armlink [4d35d2]

==============================================================================

Section Cross References

    startup_stm32f767xx.o(RESET) refers to startup_stm32f767xx.o(STACK) for __initial_sp
    startup_stm32f767xx.o(RESET) refers to startup_stm32f767xx.o(.text) for Reset_Handler
    startup_stm32f767xx.o(RESET) refers to stm32f7xx_it.o(i.NMI_Handler) for NMI_Handler
    startup_stm32f767xx.o(RESET) refers to stm32f7xx_it.o(i.HardFault_Handler) for HardFault_Handler
    startup_stm32f767xx.o(RESET) refers to stm32f7xx_it.o(i.MemManage_Handler) for MemManage_Handler
    startup_stm32f767xx.o(RESET) refers to stm32f7xx_it.o(i.BusFault_Handler) for BusFault_Handler
    startup_stm32f767xx.o(RESET) refers to stm32f7xx_it.o(i.UsageFault_Handler) for UsageFault_Handler
    startup_stm32f767xx.o(RESET) refers to port.o(.emb_text) for SVC_Handler
    startup_stm32f767xx.o(RESET) refers to stm32f7xx_it.o(i.DebugMon_Handler) for DebugMon_Handler
    startup_stm32f767xx.o(RESET) refers to stm32f7xx_it.o(i.SysTick_Handler) for SysTick_Handler
    startup_stm32f767xx.o(RESET) refers to stm32f7xx_it.o(i.EXTI9_5_IRQHandler) for EXTI9_5_IRQHandler
    startup_stm32f767xx.o(RESET) refers to stm32f7xx_it.o(i.ETH_IRQHandler) for ETH_IRQHandler
    startup_stm32f767xx.o(RESET) refers to stm32f7xx_it.o(i.UART7_IRQHandler) for UART7_IRQHandler
    startup_stm32f767xx.o(RESET) refers to stm32f7xx_it.o(i.SPI4_IRQHandler) for SPI4_IRQHandler
    startup_stm32f767xx.o(RESET) refers to stm32f7xx_it.o(i.SDMMC2_IRQHandler) for SDMMC2_IRQHandler
    startup_stm32f767xx.o(.text) refers to system_stm32f7xx.o(i.SystemInit) for SystemInit
    startup_stm32f767xx.o(.text) refers to entry.o(.ARM.Collect$$$$00000000) for __main
    heap_4.o(i.prvHeapInit) refers to heap_4.o(.bss) for .bss
    heap_4.o(i.prvHeapInit) refers to heap_4.o(.data) for .data
    heap_4.o(i.prvInsertBlockIntoFreeList) refers to heap_4.o(.data) for .data
    heap_4.o(i.pvPortMalloc) refers to tasks.o(i.vTaskSuspendAll) for vTaskSuspendAll
    heap_4.o(i.pvPortMalloc) refers to heap_4.o(i.prvHeapInit) for prvHeapInit
    heap_4.o(i.pvPortMalloc) refers to heap_4.o(i.prvInsertBlockIntoFreeList) for prvInsertBlockIntoFreeList
    heap_4.o(i.pvPortMalloc) refers to tasks.o(i.xTaskResumeAll) for xTaskResumeAll
    heap_4.o(i.pvPortMalloc) refers to heap_4.o(.data) for .data
    heap_4.o(i.vPortFree) refers to tasks.o(i.vTaskSuspendAll) for vTaskSuspendAll
    heap_4.o(i.vPortFree) refers to heap_4.o(i.prvInsertBlockIntoFreeList) for prvInsertBlockIntoFreeList
    heap_4.o(i.vPortFree) refers to tasks.o(i.xTaskResumeAll) for xTaskResumeAll
    heap_4.o(i.vPortFree) refers to heap_4.o(.data) for .data
    heap_4.o(i.xPortGetFreeHeapSize) refers to heap_4.o(.data) for .data
    heap_4.o(i.xPortGetMinimumEverFreeHeapSize) refers to heap_4.o(.data) for .data
    port.o(.emb_text) refers to tasks.o(i.vTaskSwitchContext) for vTaskSwitchContext
    port.o(.emb_text) refers to tasks.o(.data) for pxCurrentTCB
    port.o(i.prvTaskExitError) refers to port.o(.data) for .data
    port.o(i.pxPortInitialiseStack) refers to port.o(i.prvTaskExitError) for prvTaskExitError
    port.o(i.vPortEndScheduler) refers to port.o(.data) for .data
    port.o(i.vPortEnterCritical) refers to port.o(.data) for .data
    port.o(i.vPortExitCritical) refers to port.o(.data) for .data
    port.o(i.vPortSetupTimerInterrupt) refers to system_stm32f7xx.o(.data) for SystemCoreClock
    port.o(i.vPortValidateInterruptPriority) refers to port.o(.emb_text) for vPortGetIPSR
    port.o(i.vPortValidateInterruptPriority) refers to port.o(.data) for .data
    port.o(i.xPortStartScheduler) refers to port.o(i.vPortSetupTimerInterrupt) for vPortSetupTimerInterrupt
    port.o(i.xPortStartScheduler) refers to port.o(.emb_text) for __asm___6_port_c_39a90d8d__prvEnableVFP
    port.o(i.xPortStartScheduler) refers to port.o(.data) for .data
    port.o(i.xPortSysTickHandler) refers to tasks.o(i.xTaskIncrementTick) for xTaskIncrementTick
    event_groups.o(i.vEventGroupClearBitsCallback) refers to event_groups.o(i.xEventGroupClearBits) for xEventGroupClearBits
    event_groups.o(i.vEventGroupDelete) refers to tasks.o(i.vTaskSuspendAll) for vTaskSuspendAll
    event_groups.o(i.vEventGroupDelete) refers to tasks.o(i.xTaskRemoveFromUnorderedEventList) for xTaskRemoveFromUnorderedEventList
    event_groups.o(i.vEventGroupDelete) refers to heap_4.o(i.vPortFree) for vPortFree
    event_groups.o(i.vEventGroupDelete) refers to tasks.o(i.xTaskResumeAll) for xTaskResumeAll
    event_groups.o(i.vEventGroupSetBitsCallback) refers to event_groups.o(i.xEventGroupSetBits) for xEventGroupSetBits
    event_groups.o(i.xEventGroupClearBits) refers to port.o(i.vPortEnterCritical) for vPortEnterCritical
    event_groups.o(i.xEventGroupClearBits) refers to port.o(i.vPortExitCritical) for vPortExitCritical
[...]
    SDMMC_CmdSendStatus                      0x08003ded   Thumb Code    50  stm32f7xx_ll_sdmmc.o(i.SDMMC_CmdSendStatus)
    SDMMC_CmdSetRelAdd                       0x08003e1f   Thumb Code    48  stm32f7xx_ll_sdmmc.o(i.SDMMC_CmdSetRelAdd)
    SDMMC_CmdStopTransfer                    0x08003e51   Thumb Code    46  stm32f7xx_ll_sdmmc.o(i.SDMMC_CmdStopTransfer)
    SDMMC_CmdWriteMultiBlock                 0x08003e85   Thumb Code    50  stm32f7xx_ll_sdmmc.o(i.SDMMC_CmdWriteMultiBlock)
    SDMMC_CmdWriteSingleBlock                0x08003eb7   Thumb Code    50  stm32f7xx_ll_sdmmc.o(i.SDMMC_CmdWriteSingleBlock)
    SDMMC_ConfigData                         0x08003ee9   Thumb Code    38  stm32f7xx_ll_sdmmc.o(i.SDMMC_ConfigData)
    SDMMC_GetPowerState                      0x08004141   Thumb Code     8  stm32f7xx_ll_sdmmc.o(i.SDMMC_GetPowerState)
    SDMMC_GetResponse                        0x08004149   Thumb Code    12  stm32f7xx_ll_sdmmc.o(i.SDMMC_GetResponse)
    SDMMC_Init                               0x08004155   Thumb Code    34  stm32f7xx_ll_sdmmc.o(i.SDMMC_Init)
    SDMMC_PowerState_ON                      0x08004177   Thumb Code     8  stm32f7xx_ll_sdmmc.o(i.SDMMC_PowerState_ON)
    SDMMC_ReadFIFO                           0x0800417f   Thumb Code     6  stm32f7xx_ll_sdmmc.o(i.SDMMC_ReadFIFO)
    SDMMC_SendCommand                        0x08004185   Thumb Code    34  stm32f7xx_ll_sdmmc.o(i.SDMMC_SendCommand)
    SDMMC_WriteFIFO                          0x080041a7   Thumb Code    10  stm32f7xx_ll_sdmmc.o(i.SDMMC_WriteFIFO)
    SD_initialize                            0x08004609   Thumb Code    38  sd_diskio.o(i.SD_initialize)
    SD_ioctl                                 0x08004639   Thumb Code    80  sd_diskio.o(i.SD_ioctl)
    SD_read                                  0x0800468d   Thumb Code    78  sd_diskio.o(i.SD_read)
    SD_status                                0x080046e1   Thumb Code     4  sd_diskio.o(i.SD_status)
    SD_write                                 0x080046e5   Thumb Code    78  sd_diskio.o(i.SD_write)
    SPI4_IRQHandler                          0x08004739   Thumb Code     6  stm32f7xx_it.o(i.SPI4_IRQHandler)
    StartDefaultTask                         0x08004757   Thumb Code    16  freertos.o(i.StartDefaultTask)
    StartTaskSD                              0x08004769   Thumb Code    76  freertos.o(i.StartTaskSD)
    StarttaskFollowline                      0x080047ed   Thumb Code     6  freertos.o(i.StarttaskFollowline)
    StarttaskInput                           0x080047f3   Thumb Code    10  freertos.o(i.StarttaskInput)
    SysTick_Handler                          0x080047fd   Thumb Code    18  stm32f7xx_it.o(i.SysTick_Handler)
    SystemClock_Config                       0x08004811   Thumb Code   200  main.o(i.SystemClock_Config)
    SystemInit                               0x080048e5   Thumb Code    68  system_stm32f7xx.o(i.SystemInit)
    TLV_Output                               0x08004939   Thumb Code   200  agv_followline.o(i.TLV_Output)
    TimerTick                                0x08004a09   Thumb Code   100  agvconfig.o(i.TimerTick)
    UART7_IRQHandler                         0x08004a75   Thumb Code     6  stm32f7xx_it.o(i.UART7_IRQHandler)
    UART_AdvFeatureConfig                    0x08004a81   Thumb Code   200  stm32f7xx_hal_uart.o(i.UART_AdvFeatureConfig)
    UART_CheckIdleState                      0x08004b49   Thumb Code    64  stm32f7xx_hal_uart.o(i.UART_CheckIdleState)
    UART_SetConfig                           0x08004c31   Thumb Code   550  stm32f7xx_hal_uart.o(i.UART_SetConfig)
    UART_WaitOnFlagUntilTimeout              0x08004e89   Thumb Code   100  stm32f7xx_hal_uart.o(i.UART_WaitOnFlagUntilTimeout)
    UsageFault_Handler                       0x08004eed   Thumb Code     2  stm32f7xx_it.o(i.UsageFault_Handler)
    _Error_Handler                           0x08004eef   Thumb Code     2  main.o(i._Error_Handler)
    __scatterload_copy                       0x08004ef1   Thumb Code    14  handlers.o(i.__scatterload_copy)
    __scatterload_null                       0x08004eff   Thumb Code     2  handlers.o(i.__scatterload_null)
    __scatterload_zeroinit                   0x08004f01   Thumb Code    14  handlers.o(i.__scatterload_zeroinit)
    disk_initialize                          0x08005431   Thumb Code    34  diskio.o(i.disk_initialize)
    disk_ioctl                               0x08005459   Thumb Code    20  diskio.o(i.disk_ioctl)
    disk_read                                0x08005471   Thumb Code    22  diskio.o(i.disk_read)
    disk_status                              0x0800548d   Thumb Code    16  diskio.o(i.disk_status)
    disk_write                               0x080054a1   Thumb Code    22  diskio.o(i.disk_write)
    etharp_cleanup_netif                     0x080054fd   Thumb Code    42  etharp.o(i.etharp_cleanup_netif)
    etharp_input                             0x0800562d   Thumb Code   160  etharp.o(i.etharp_input)
    etharp_output                            0x080056cd   Thumb Code   220  etharp.o(i.etharp_output)
    etharp_query                             0x08005815   Thumb Code   232  etharp.o(i.etharp_query)
    etharp_request                           0x0800598d   Thumb Code     6  etharp.o(i.etharp_request)
    etharp_tmr                               0x080059b9   Thumb Code    92  etharp.o(i.etharp_tmr)
    ethernet_input                           0x08005a99   Thumb Code   154  ethernet.o(i.ethernet_input)
    ethernet_output                          0x08005b39   Thumb Code    74  ethernet.o(i.ethernet_output)
    ethernetif_init                          0x08005b85   Thumb Code    30  ethernetif.o(i.ethernetif_init)
    ethernetif_input                         0x08005bad   Thumb Code    48  ethernetif.o(i.ethernetif_input)
    f_close                                  0x08005be1   Thumb Code    48  ff.o(i.f_close)
    f_mount                                  0x08005c11   Thumb Code   118  ff.o(i.f_mount)
    f_open                                   0x08005c8d   Thumb Code   530  ff.o(i.f_open)
    f_printf                                 0x08005ea5   Thumb Code   464  ff.o(i.f_printf)
    f_sync                                   0x08006075   Thumb Code   162  ff.o(i.f_sync)
    f_write                                  0x08006117   Thumb Code   436  ff.o(i.f_write)
    ff_cre_syncobj                           0x080062cb   Thumb Code    26  syscall.o(i.ff_cre_syncobj)
    ff_del_syncobj                           0x080062e5   Thumb Code    10  syscall.o(i.ff_del_syncobj)
    ff_rel_grant                             0x080062ef   Thumb Code     4  syscall.o(i.ff_rel_grant)
    ff_req_grant                             0x080062f3   Thumb Code    20  syscall.o(i.ff_req_grant)
    get_fattime                              0x0800669f   Thumb Code     4  fatfs.o(i.get_fattime)
    icmp_dest_unreach                        0x080066df   Thumb Code     8  icmp.o(i.icmp_dest_unreach)
    icmp_input                               0x080066e9   Thumb Code   244  icmp.o(i.icmp_input)
    icmp_time_exceeded                       0x0800684d   Thumb Code     8  icmp.o(i.icmp_time_exceeded)
    ip4_addr_isbroadcast_u32                 0x080068e1   Thumb Code    46  ip4_addr.o(i.ip4_addr_isbroadcast_u32)
    ip4_frag                                 0x08006911   Thumb Code   346  ip4_frag.o(i.ip4_frag)
    ip4_input                                0x08006a71   Thumb Code   402  ip4.o(i.ip4_input)
    ip4_output_if                            0x08006c0d   Thumb Code    30  ip4.o(i.ip4_output_if)
    ip4_output_if_src                        0x08006c2d   Thumb Code   162  ip4.o(i.ip4_output_if_src)
    ip4_reass                                0x08006cd9   Thumb Code   398  ip4_frag.o(i.ip4_reass)
    ip4_route                                0x08006e6d   Thumb Code    82  ip4.o(i.ip4_route)
    ip_reass_tmr                             0x080070d5   Thumb Code    40  ip4_frag.o(i.ip_reass_tmr)
    lwip_htonl                               0x08007401   Thumb Code     4  def.o(i.lwip_htonl)
    lwip_htons                               0x08007405   Thumb Code     4  def.o(i.lwip_htons)
    lwip_init                                0x08007409   Thumb Code    34  init.o(i.lwip_init)
    main                                     0x0800742d   Thumb Code   152  main.o(i.main)
    mem_free                                 0x080074ed   Thumb Code    74  mem.o(i.mem_free)
    mem_init                                 0x0800753d   Thumb Code    50  mem.o(i.mem_init)
    mem_malloc                               0x08007579   Thumb Code   206  mem.o(i.mem_malloc)
    mem_trim                                 0x0800765d   Thumb Code   230  mem.o(i.mem_trim)
    memp_free                                0x08007749   Thumb Code    20  memp.o(i.memp_free)
    memp_init                                0x08007761   Thumb Code    26  memp.o(i.memp_init)
    memp_init_pool                           0x08007781   Thumb Code    42  memp.o(i.memp_init_pool)
    memp_malloc                              0x080077ad   Thumb Code    18  memp.o(i.memp_malloc)
    netif_add                                0x080077f9   Thumb Code    78  netif.o(i.netif_add)
    netif_init                               0x0800784d   Thumb Code     2  netif.o(i.netif_init)
    netif_set_addr                           0x08007869   Thumb Code    72  netif.o(i.netif_set_addr)
    netif_set_default                        0x080078b1   Thumb Code     6  netif.o(i.netif_set_default)
    netif_set_down                           0x080078bd   Thumb Code    26  netif.o(i.netif_set_down)
    netif_set_gw                             0x080078d7   Thumb Code     8  netif.o(i.netif_set_gw)
    netif_set_ipaddr                         0x080078e1   Thumb Code    60  netif.o(i.netif_set_ipaddr)
    netif_set_netmask                        0x08007921   Thumb Code     8  netif.o(i.netif_set_netmask)
    netif_set_up                             0x08007929   Thumb Code    28  netif.o(i.netif_set_up)
    osDelay                                  0x08007945   Thumb Code    14  cmsis_os.o(i.osDelay)
    osKernelStart                            0x08007953   Thumb Code    10  cmsis_os.o(i.osKernelStart)
    osKernelSysTick                          0x0800795d   Thumb Code    24  cmsis_os.o(i.osKernelSysTick)
    osMessageCreate                          0x08007975   Thumb Code    10  cmsis_os.o(i.osMessageCreate)
    osMessageGet                             0x08007981   Thumb Code   146  cmsis_os.o(i.osMessageGet)
    osMessagePut                             0x08007a19   Thumb Code    88  cmsis_os.o(i.osMessagePut)
    osMutexCreate                            0x08007a75   Thumb Code     6  cmsis_os.o(i.osMutexCreate)
    osMutexRelease                           0x08007a7d   Thumb Code    74  cmsis_os.o(i.osMutexRelease)
    osMutexWait                              0x08007acd   Thumb Code   102  cmsis_os.o(i.osMutexWait)
    osSemaphoreCreate                        0x08007b39   Thumb Code    38  cmsis_os.o(i.osSemaphoreCreate)
    osSemaphoreDelete                        0x08007b5f   Thumb Code    24  cmsis_os.o(i.osSemaphoreDelete)
    osSemaphoreRelease                       0x08007b79   Thumb Code    74  cmsis_os.o(i.osSemaphoreRelease)
    osSemaphoreWait                          0x08007bc9   Thumb Code   102  cmsis_os.o(i.osSemaphoreWait)
    osSystickHandler                         0x08007c35   Thumb Code    20  cmsis_os.o(i.osSystickHandler)
    osThreadCreate                           0x08007c49   Thumb Code    46  cmsis_os.o(i.osThreadCreate)
    pbuf_alloc                               0x08007c77   Thumb Code   284  pbuf.o(i.pbuf_alloc)
    pbuf_alloced_custom                      0x08007d93   Thumb Code    82  pbuf.o(i.pbuf_alloced_custom)
    pbuf_cat                                 0x08007de5   Thumb Code    40  pbuf.o(i.pbuf_cat)
    pbuf_clen                                0x08007e0d   Thumb Code    18  pbuf.o(i.pbuf_clen)
    pbuf_copy                                0x08007e1f   Thumb Code   154  pbuf.o(i.pbuf_copy)
    pbuf_copy_partial                        0x08007eb9   Thumb Code   102  pbuf.o(i.pbuf_copy_partial)
    pbuf_free                                0x08007f1f   Thumb Code    98  pbuf.o(i.pbuf_free)
    pbuf_header                              0x08007fb5   Thumb Code     6  pbuf.o(i.pbuf_header)
    pbuf_header_force                        0x08007fbb   Thumb Code     6  pbuf.o(i.pbuf_header_force)
    pbuf_realloc                             0x08008065   Thumb Code    84  pbuf.o(i.pbuf_realloc)
    pbuf_ref                                 0x080080b9   Thumb Code    26  pbuf.o(i.pbuf_ref)
    pvPortMalloc                             0x080086e5   Thumb Code   222  heap_4.o(i.pvPortMalloc)
    pvTaskIncrementMutexHeldCount            0x080087c9   Thumb Code    18  tasks.o(i.pvTaskIncrementMutexHeldCount)
    pxPortInitialiseStack                    0x080087e1   Thumb Code    42  port.o(i.pxPortInitialiseStack)
    sys_arch_mbox_fetch                      0x0800899f   Thumb Code    70  sys_arch.o(i.sys_arch_mbox_fetch)
    sys_arch_protect                         0x080089e5   Thumb Code    18  sys_arch.o(i.sys_arch_protect)
    sys_arch_unprotect                       0x080089fd   Thumb Code     8  sys_arch.o(i.sys_arch_unprotect)
    sys_init                                 0x08008a61   Thumb Code    14  sys_arch.o(i.sys_init)
    sys_mbox_new                             0x08008a79   Thumb Code    34  sys_arch.o(i.sys_mbox_new)
    sys_mbox_post                            0x08008aa1   Thumb Code    26  sys_arch.o(i.sys_mbox_post)
    sys_mbox_trypost                         0x08008abb   Thumb Code    20  sys_arch.o(i.sys_mbox_trypost)
    sys_mbox_valid                           0x08008acf   Thumb Code    10  sys_arch.o(i.sys_mbox_valid)
    sys_mutex_lock                           0x08008ad9   Thumb Code    10  sys_arch.o(i.sys_mutex_lock)
    sys_mutex_new                            0x08008ae3   Thumb Code    28  sys_arch.o(i.sys_mutex_new)
    sys_mutex_unlock                         0x08008aff   Thumb Code     6  sys_arch.o(i.sys_mutex_unlock)
    sys_now                                  0x08008b05   Thumb Code     4  ethernetif.o(i.sys_now)
    sys_thread_new                           0x08008b09   Thumb Code    48  sys_arch.o(i.sys_thread_new)
    sys_timeout                              0x08008b39   Thumb Code   138  timeouts.o(i.sys_timeout)
    sys_timeouts_init                        0x08008bc9   Thumb Code    38  timeouts.o(i.sys_timeouts_init)
    sys_timeouts_mbox_fetch                  0x08008bfd   Thumb Code    66  timeouts.o(i.sys_timeouts_mbox_fetch)
    tcp_abandon                              0x08008c45   Thumb Code   210  tcp.o(i.tcp_abandon)
    tcp_abort                                0x08008d1d   Thumb Code     6  tcp.o(i.tcp_abort)
    tcp_alloc                                0x08008d25   Thumb Code   258  tcp.o(i.tcp_alloc)
    tcp_close                                0x08008e35   Thumb Code    20  tcp.o(i.tcp_close)
    tcp_eff_send_mss_impl                    0x08009045   Thumb Code    34  tcp.o(i.tcp_eff_send_mss_impl)
    tcp_enqueue_flags                        0x08009067   Thumb Code   150  tcp_out.o(i.tcp_enqueue_flags)
    tcp_fasttmr                              0x080090fd   Thumb Code    84  tcp.o(i.tcp_fasttmr)
    tcp_init                                 0x08009185   Thumb Code     2  tcp.o(i.tcp_init)
    tcp_input                                0x08009189   Thumb Code   852  tcp_in.o(i.tcp_input)
    tcp_keepalive                            0x080094f5   Thumb Code    82  tcp_out.o(i.tcp_keepalive)
    tcp_netif_ip_addr_changed                0x08009671   Thumb Code    72  tcp.o(i.tcp_netif_ip_addr_changed)
    tcp_next_iss                             0x080096e1   Thumb Code    12  tcp.o(i.tcp_next_iss)
    tcp_output                               0x0800976d   Thumb Code   452  tcp_out.o(i.tcp_output)
    tcp_pcb_purge                            0x08009ac5   Thumb Code    66  tcp.o(i.tcp_pcb_purge)
    tcp_pcb_remove                           0x08009b07   Thumb Code    80  tcp.o(i.tcp_pcb_remove)
    tcp_process_refused_data                 0x08009ecd   Thumb Code   108  tcp.o(i.tcp_process_refused_data)
    tcp_recv_null                            0x0800a60d   Thumb Code    36  tcp.o(i.tcp_recv_null)
    tcp_recved                               0x0800a631   Thumb Code    66  tcp.o(i.tcp_recved)
    tcp_rexmit                               0x0800a673   Thumb Code    82  tcp_out.o(i.tcp_rexmit)
    tcp_rexmit_fast                          0x0800a6c5   Thumb Code    92  tcp_out.o(i.tcp_rexmit_fast)
    tcp_rexmit_rto                           0x0800a721   Thumb Code    44  tcp_out.o(i.tcp_rexmit_rto)
    tcp_rst                                  0x0800a74d   Thumb Code   128  tcp_out.o(i.tcp_rst)
    tcp_seg_copy                             0x0800a7cd   Thumb Code    40  tcp.o(i.tcp_seg_copy)
    tcp_seg_free                             0x0800a7f5   Thumb Code    28  tcp.o(i.tcp_seg_free)
    tcp_segs_free                            0x0800a811   Thumb Code    18  tcp.o(i.tcp_segs_free)
    tcp_send_empty_ack                       0x0800a823   Thumb Code   114  tcp_out.o(i.tcp_send_empty_ack)
    tcp_send_fin                             0x0800a895   Thumb Code    68  tcp_out.o(i.tcp_send_fin)
    tcp_slowtmr                              0x0800a8d9   Thumb Code   626  tcp.o(i.tcp_slowtmr)
    tcp_timer_needed                         0x0800ab5d   Thumb Code    36  timeouts.o(i.tcp_timer_needed)
    tcp_tmr                                  0x0800abf9   Thumb Code    28  tcp.o(i.tcp_tmr)
    tcp_trigger_input_pcb_close              0x0800ac19   Thumb Code    12  tcp_in.o(i.tcp_trigger_input_pcb_close)
    tcp_update_rcv_ann_wnd                   0x0800ac29   Thumb Code    54  tcp.o(i.tcp_update_rcv_ann_wnd)
    tcp_zero_window_probe                    0x0800ac5f   Thumb Code   174  tcp_out.o(i.tcp_zero_window_probe)
    tcpip_callback_with_block                0x0800ad0d   Thumb Code    80  tcpip.o(i.tcpip_callback_with_block)
    tcpip_init                               0x0800ad61   Thumb Code    52  tcpip.o(i.tcpip_init)
    tcpip_inpkt                              0x0800adad   Thumb Code    68  tcpip.o(i.tcpip_inpkt)
    tcpip_input                              0x0800adf5   Thumb Code    20  tcpip.o(i.tcpip_input)
    udp_init                                 0x0800aeb5   Thumb Code     2  udp.o(i.udp_init)
    udp_input                                0x0800aeb9   Thumb Code   282  udp.o(i.udp_input)
    udp_netif_ip_addr_changed                0x0800afdd   Thumb Code    48  udp.o(i.udp_netif_ip_addr_changed)
    uxListRemove                             0x0800b029   Thumb Code    36  list.o(i.uxListRemove)
    vListInitialise                          0x0800b04d   Thumb Code    22  list.o(i.vListInitialise)
    vListInitialiseItem                      0x0800b063   Thumb Code     6  list.o(i.vListInitialiseItem)
    vListInsert                              0x0800b069   Thumb Code    48  list.o(i.vListInsert)
    vListInsertEnd                           0x0800b099   Thumb Code    24  list.o(i.vListInsertEnd)
    vPortEnterCritical                       0x0800b0b1   Thumb Code    62  port.o(i.vPortEnterCritical)
    vPortExitCritical                        0x0800b0f9   Thumb Code    38  port.o(i.vPortExitCritical)
    vPortFree                                0x0800b125   Thumb Code    96  heap_4.o(i.vPortFree)
    vPortSetupTimerInterrupt                 0x0800b189   Thumb Code    26  port.o(i.vPortSetupTimerInterrupt)
    vPortValidateInterruptPriority           0x0800b1a9   Thumb Code    82  port.o(i.vPortValidateInterruptPriority)
    vQueueDelete                             0x0800b205   Thumb Code    40  queue.o(i.vQueueDelete)
    vQueueUnregisterQueue                    0x0800b22d   Thumb Code    36  queue.o(i.vQueueUnregisterQueue)
    vTaskDelay                               0x0800b255   Thumb Code    70  tasks.o(i.vTaskDelay)
    vTaskMissedYield                         0x0800b2a5   Thumb Code     8  tasks.o(i.vTaskMissedYield)
    vTaskPlaceOnEventList                    0x0800b2b1   Thumb Code    48  tasks.o(i.vTaskPlaceOnEventList)
    vTaskPriorityInherit                     0x0800b2e5   Thumb Code   128  tasks.o(i.vTaskPriorityInherit)
    vTaskSetTimeOutState                     0x0800b36d   Thumb Code    34  tasks.o(i.vTaskSetTimeOutState)
    vTaskStartScheduler                      0x0800b395   Thumb Code    94  tasks.o(i.vTaskStartScheduler)
    vTaskSuspendAll                          0x0800b405   Thumb Code    10  tasks.o(i.vTaskSuspendAll)
    vTaskSwitchContext                       0x0800b415   Thumb Code    86  tasks.o(i.vTaskSwitchContext)
    xPortStartScheduler                      0x0800b4b5   Thumb Code   152  port.o(i.xPortStartScheduler)
    xPortSysTickHandler                      0x0800b55d   Thumb Code    42  port.o(i.xPortSysTickHandler)
    xQueueCreateMutex                        0x0800b58d   Thumb Code    36  queue.o(i.xQueueCreateMutex)
    xQueueGenericCreate                      0x0800b5b1   Thumb Code    76  queue.o(i.xQueueGenericCreate)
    xQueueGenericReceive                     0x0800b5fd   Thumb Code   376  queue.o(i.xQueueGenericReceive)
    xQueueGenericReset                       0x0800b779   Thumb Code   148  queue.o(i.xQueueGenericReset)
    xQueueGenericSend                        0x0800b811   Thumb Code   362  queue.o(i.xQueueGenericSend)
    xQueueGenericSendFromISR                 0x0800b981   Thumb Code   204  queue.o(i.xQueueGenericSendFromISR)
    xQueueGiveFromISR                        0x0800ba4d   Thumb Code   172  queue.o(i.xQueueGiveFromISR)
    xQueueReceiveFromISR                     0x0800baf9   Thumb Code   168  queue.o(i.xQueueReceiveFromISR)
    xTaskCheckForTimeOut                     0x0800bba1   Thumb Code   110  tasks.o(i.xTaskCheckForTimeOut)
    xTaskCreate                              0x0800bc15   Thumb Code    86  tasks.o(i.xTaskCreate)
    xTaskGetSchedulerState                   0x0800bc6d   Thumb Code    22  tasks.o(i.xTaskGetSchedulerState)
    xTaskGetTickCount                        0x0800bc89   Thumb Code     6  tasks.o(i.xTaskGetTickCount)
    xTaskGetTickCountFromISR                 0x0800bc95   Thumb Code    12  tasks.o(i.xTaskGetTickCountFromISR)
    xTaskIncrementTick                       0x0800bca5   Thumb Code   196  tasks.o(i.xTaskIncrementTick)
    xTaskPriorityDisinherit                  0x0800bd71   Thumb Code   158  tasks.o(i.xTaskPriorityDisinherit)
    xTaskRemoveFromEventList                 0x0800be19   Thumb Code   112  tasks.o(i.xTaskRemoveFromEventList)
    xTaskResumeAll                           0x0800be91   Thumb Code   188  tasks.o(i.xTaskResumeAll)
    AHBPrescTable                            0x0800bf58   Data          16  system_stm32f7xx.o(.constdata)
    APBPrescTable                            0x0800bf68   Data           8  system_stm32f7xx.o(.constdata)
    lwip_cyclic_timers                       0x0800c00c   Data          24  timeouts.o(.constdata)
    os_mutex_def_lwip_sys_mutex              0x0800c024   Data           4  sys_arch.o(.constdata)
    memp_UDP_PCB                             0x0800c030   Data          12  memp.o(.constdata)
    memp_TCP_PCB                             0x0800c03c   Data          12  memp.o(.constdata)
    memp_TCP_PCB_LISTEN                      0x0800c048   Data          12  memp.o(.constdata)
    memp_TCP_SEG                             0x0800c054   Data          12  memp.o(.constdata)
    memp_REASSDATA                           0x0800c060   Data          12  memp.o(.constdata)
    memp_FRAG_PBUF                           0x0800c06c   Data          12  memp.o(.constdata)
    memp_NETBUF                              0x0800c078   Data          12  memp.o(.constdata)
    memp_NETCONN                             0x0800c084   Data          12  memp.o(.constdata)
    memp_TCPIP_MSG_API                       0x0800c090   Data          12  memp.o(.constdata)
    memp_TCPIP_MSG_INPKT                     0x0800c09c   Data          12  memp.o(.constdata)
    memp_SYS_TIMEOUT                         0x0800c0a8   Data          12  memp.o(.constdata)
    memp_PBUF                                0x0800c0b4   Data          12  memp.o(.constdata)
    memp_PBUF_POOL                           0x0800c0c0   Data          12  memp.o(.constdata)
    memp_pools                               0x0800c0cc   Data          52  memp.o(.constdata)
    ip_addr_any                              0x0800c100   Data           4  ip4_addr.o(.constdata)
    ethbroadcast                             0x0800c104   Data           6  ethernet.o(.constdata)
    ethzero                                  0x0800c10a   Data           6  ethernet.o(.constdata)
    tcp_pcb_lists                            0x0800c154   Data          16  tcp.o(.constdata)
    SD_Driver                                0x0800c178   Data          20  sd_diskio.o(.constdata)
    Region$$Table$$Base                      0x0800c28c   Number         0  anon$$obj.o(Region$$Table)
    Region$$Table$$Limit                     0x0800c2ac   Number         0  anon$$obj.o(Region$$Table)
    pxCurrentTCB                             0x20000024   Data           4  tasks.o(.data)
    uwTick                                   0x20000060   Data           4  stm32f7xx_hal.o(.data)
    SystemCoreClock                          0x20000064   Data           4  system_stm32f7xx.o(.data)
    _FL_speedright                           0x20000068   Data           1  agv_followline.o(.data)
    IO_compcount                             0x2000006c   Data           1  io.o(.data)
    OUTPUT                                   0x2000006e   Data           2  io.o(.data)
    IO_oldinput                              0x20000070   Data           4  io.o(.data)
    INPUT                                    0x20000074   Data           4  io.o(.data)
    _Count1s                                 0x20000078   Data           2  agvconfig.o(.data)
    timestart                                0x2000007a   Data           2  agvconfig.o(.data)
    pbuf_free_ooseq_pending                  0x20000098   Data           1  pbuf.o(.data)
    lwip_sys_mutex                           0x2000009c   Data           4  sys_arch.o(.data)
    lock_tcpip_core                          0x200000e4   Data           4  tcpip.o(.data)
    netif_list                               0x200000ec   Data           4  netif.o(.data)
    netif_default                            0x200000f0   Data           4  netif.o(.data)
    tcp_input_pcb                            0x20000114   Data           4  tcp_in.o(.data)
    udp_pcbs                                 0x2000011c   Data           4  udp.o(.data)
    tcp_active_pcbs_changed                  0x20000134   Data           1  tcp.o(.data)
    tcp_ticks                                0x20000140   Data           4  tcp.o(.data)
    tcp_bound_pcbs                           0x20000144   Data           4  tcp.o(.data)
    tcp_listen_pcbs                          0x20000148   Data           4  tcp.o(.data)
    tcp_active_pcbs                          0x2000014c   Data           4  tcp.o(.data)
    tcp_tw_pcbs                              0x20000150   Data           4  tcp.o(.data)
    s_xSemaphore                             0x20000154   Data           4  ethernetif.o(.data)
    ipaddr                                   0x20000158   Data           4  lwip.o(.data)
    netmask                                  0x2000015c   Data           4  lwip.o(.data)
    gw                                       0x20000160   Data           4  lwip.o(.data)
    IP_ADDRESS                               0x20000164   Data           4  lwip.o(.data)
    NETMASK_ADDRESS                          0x20000168   Data           4  lwip.o(.data)
    GATEWAY_ADDRESS                          0x2000016c   Data           4  lwip.o(.data)
    retSD                                    0x20000170   Data           1  fatfs.o(.data)
    SDPath                                   0x20000171   Data           4  fatfs.o(.data)
    fres                                     0x20000180   Data           1  freertos.o(.data)
    defaultTaskHandle                        0x20000184   Data           4  freertos.o(.data)
    taskInputHandle                          0x20000188   Data           4  freertos.o(.data)
    TaskSDHandle                             0x2000018c   Data           4  freertos.o(.data)
    flag                                     0x20000190   Data           1  freertos.o(.data)
    xQueueRegistry                           0x20003e84   Data          64  queue.o(.bss)
    AGV                                      0x20003ec8   Data         144  agvconfig.o(.bss)
    disk                                     0x20003f78   Data          12  ff_gen_drv.o(.bss)
    memp_memory_UDP_PCB_base                 0x20003f84   Data         131  memp.o(.bss)
    memp_memory_TCP_PCB_base                 0x20004007   Data         763  memp.o(.bss)
    memp_memory_TCP_PCB_LISTEN_base          0x20004302   Data         227  memp.o(.bss)
    memp_memory_TCP_SEG_base                 0x200043e5   Data         259  memp.o(.bss)
    memp_memory_REASSDATA_base               0x200044e8   Data         163  memp.o(.bss)
    memp_memory_FRAG_PBUF_base               0x2000458b   Data         363  memp.o(.bss)
    memp_memory_NETBUF_base                  0x200046f6   Data          35  memp.o(.bss)
    memp_memory_NETCONN_base                 0x20004719   Data         179  memp.o(.bss)
    memp_memory_TCPIP_MSG_API_base           0x200047cc   Data         131  memp.o(.bss)
    memp_memory_TCPIP_MSG_INPKT_base         0x2000484f   Data         131  memp.o(.bss)
    memp_memory_SYS_TIMEOUT_base             0x200048d2   Data          51  memp.o(.bss)
    memp_memory_PBUF_base                    0x20004905   Data         259  memp.o(.bss)
    memp_memory_PBUF_POOL_base               0x20004a08   Data        9731  memp.o(.bss)
    ip_data                                  0x2000710c   Data          24  ip.o(.bss)
    ram_heap                                 0x20007124   Data        1619  mem.o(.bss)
    hsd2                                     0x20007778   Data         132  sdmmc.o(.bss)
    DMARxDscrTab                             0x200077fc   Data         128  ethernetif.o(.bss)
    DMATxDscrTab                             0x2000787c   Data         128  ethernetif.o(.bss)
    Rx_Buff                                  0x200078fc   Data        6096  ethernetif.o(.bss)
    Tx_Buff                                  0x200090cc   Data        6096  ethernetif.o(.bss)
    heth                                     0x2000a89c   Data          72  ethernetif.o(.bss)
    gnetif                                   0x2000a8e4   Data          48  lwip.o(.bss)
    hadc1                                    0x2000a914   Data          72  adc.o(.bss)
    hadc2                                    0x2000a95c   Data          72  adc.o(.bss)
    hrtc                                     0x2000a9a4   Data          32  rtc.o(.bss)
    huart7                                   0x2000a9c4   Data         112  usart.o(.bss)
    hspi4                                    0x2000aa34   Data         100  spi.o(.bss)
    fatfs                                    0x2000aa98   Data         564  freertos.o(.bss)
    myfile                                   0x2000accc   Data         560  freertos.o(.bss)
    __initial_sp                             0x2000b300   Data           0  startup_stm32f767xx.o(STACK)



==============================================================================

Memory Map of the image

  Image Entry point : 0x080001f9

  Load Region LR_IROM1 (Base: 0x08000000, Size: 0x0000c440, Max: 0x00200000, ABSOLUTE, COMPRESSED[0x0000c2c4])

    Execution Region ER_IROM1 (Base: 0x08000000, Size: 0x0000c2ac, Max: 0x00200000, ABSOLUTE)

    Base Addr    Size         Type   Attr      Idx    E Section Name        Object

    0x08000000   0x000001f8   Data   RO            3    RESET               startup_stm32f767xx.o
    0x080001f8   0x00000000   Code   RO        10212  * .ARM.Collect$$$$00000000  mc_w.l(entry.o)
    0x080001f8   0x00000004   Code   RO        10227    .ARM.Collect$$$$00000001  mc_w.l(entry2.o)
    0x080001fc   0x00000004   Code   RO        10230    .ARM.Collect$$$$00000004  mc_w.l(entry5.o)
    0x08000200   0x00000000   Code   RO        10232    .ARM.Collect$$$$00000008  mc_w.l(entry7b.o)
    0x08000200   0x00000000   Code   RO        10234    .ARM.Collect$$$$0000000A  mc_w.l(entry8b.o)
    0x08000200   0x00000008   Code   RO        10235    .ARM.Collect$$$$0000000B  mc_w.l(entry9a.o)
    0x08000208   0x00000000   Code   RO        10237    .ARM.Collect$$$$0000000D  mc_w.l(entry10a.o)
    0x08000208   0x00000000   Code   RO        10239    .ARM.Collect$$$$0000000F  mc_w.l(entry11a.o)
    0x08000208   0x00000004   Code   RO        10228    .ARM.Collect$$$$00002712  mc_w.l(entry2.o)
    0x0800020c   0x000000ba   Code   RO          282    .emb_text           port.o
    0x080002c6   0x00000002   PAD
    0x080002c8   0x00000024   Code   RO            4    .text               startup_stm32f767xx.o
    0x080002ec   0x00000024   Code   RO        10215    .text               mc_w.l(memcpya.o)
    0x08000310   0x00000024   Code   RO        10217    .text               mc_w.l(memseta.o)
    0x08000334   0x0000001a   Code   RO        10221    .text               mc_w.l(memcmp.o)
    0x0800034e   0x00000002   PAD
    0x08000350   0x00000024   Code   RO        10241    .text               mc_w.l(init.o)
    0x08000374   0x0000003a   Code   RO        10251    .text               mc_w.l(__dczerorl.o)
    0x080003ae   0x00000002   PAD
    0x080003b0   0x00000134   Code   RO         2330    i.ADC_Init          stm32f7xx_hal_adc.o
    0x080004e4   0x0000004c   Code   RO         5046    i.AGV_Configdefault  agvconfig.o
    0x08000530   0x0000000c   Code   RO         9427    i.BSP_SD_GetCardInfo  bsp_driver_sd.o
    0x0800053c   0x00000018   Code   RO         9428    i.BSP_SD_GetCardState  bsp_driver_sd.o
    0x08000554   0x00000034   Code   RO         9430    i.BSP_SD_Init       bsp_driver_sd.o
    0x08000588   0x0000001c   Code   RO         9433    i.BSP_SD_ReadBlocks_DMA  bsp_driver_sd.o
    0x080005a4   0x0000001c   Code   RO         9435    i.BSP_SD_WriteBlocks_DMA  bsp_driver_sd.o
    0x080005c0   0x00000002   Code   RO        10031    i.BusFault_Handler  stm32f7xx_it.o
    0x080005c2   0x00000028   Code   RO         3850    i.DMA_SetConfig     stm32f7xx_hal_dma.o
    0x080005ea   0x00000002   Code   RO        10032    i.DebugMon_Handler  stm32f7xx_it.o
    0x080005ec   0x0000002e   Code   RO         4729    i.ETH_FlushTransmitFIFO  stm32f7xx_hal_eth.o
    0x0800061a   0x00000002   PAD
    0x0800061c   0x0000000c   Code   RO        10033    i.ETH_IRQHandler    stm32f7xx_it.o
    0x08000628   0x00000124   Code   RO         4730    i.ETH_MACDMAConfig  stm32f7xx_hal_eth.o
    0x0800074c   0x00000020   Code   RO        10034    i.EXTI9_5_IRQHandler  stm32f7xx_it.o
    0x0800076c   0x00000006   Code   RO         5580    i.FATFS_LinkDriver  ff_gen_drv.o
    0x08000772   0x00000002   PAD
    0x08000774   0x00000040   Code   RO         5581    i.FATFS_LinkDriverEx  ff_gen_drv.o
    0x080007b4   0x000000f0   Code   RO         4915    i.FollowLine_Control  agv_followline.o
    0x080008a4   0x00000288   Code   RO         4916    i.Guide_Read        agv_followline.o
    0x08000b2c   0x00000164   Code   RO         2332    i.HAL_ADC_ConfigChannel  stm32f7xx_hal_adc.o
    0x08000c90   0x00000054   Code   RO         2341    i.HAL_ADC_Init      stm32f7xx_hal_adc.o
    0x08000ce4   0x0000005c   Code   RO         9723    i.HAL_ADC_MspInit   adc.o
    0x08000d40   0x00000024   Code   RO         3852    i.HAL_DMA_Abort_IT  stm32f7xx_hal_dma.o
    0x08000d64   0x00000004   Code   RO         3854    i.HAL_DMA_GetError  stm32f7xx_hal_dma.o
    0x08000d68   0x0000007a   Code   RO         3861    i.HAL_DMA_Start_IT  stm32f7xx_hal_dma.o
    0x08000de2   0x00000016   Code   RO         3184    i.HAL_Delay         stm32f7xx_hal.o
    0x08000df8   0x00000074   Code   RO         4733    i.HAL_ETH_DMARxDescListInit  stm32f7xx_hal_eth.o
    0x08000e6c   0x00000084   Code   RO         4734    i.HAL_ETH_DMATxDescListInit  stm32f7xx_hal_eth.o
    0x08000ef0   0x00000002   Code   RO         4736    i.HAL_ETH_ErrorCallback  stm32f7xx_hal_eth.o
    0x08000ef2   0x0000008c   Code   RO         4738    i.HAL_ETH_GetReceivedFrame_IT  stm32f7xx_hal_eth.o
    0x08000f7e   0x00000076   Code   RO         4740    i.HAL_ETH_IRQHandler  stm32f7xx_hal_eth.o
    0x08000ff4   0x000001f0   Code   RO         4741    i.HAL_ETH_Init      stm32f7xx_hal_eth.o
    0x080011e4   0x0000009c   Code   RO         9571    i.HAL_ETH_MspInit   ethernetif.o
    0x08001280   0x00000086   Code   RO         4744    i.HAL_ETH_ReadPHYRegister  stm32f7xx_hal_eth.o
    0x08001306   0x00000002   PAD
    0x08001308   0x0000000c   Code   RO         9572    i.HAL_ETH_RxCpltCallback  ethernetif.o
    0x08001314   0x00000084   Code   RO         4746    i.HAL_ETH_Start     stm32f7xx_hal_eth.o
    0x08001398   0x00000112   Code   RO         4748    i.HAL_ETH_TransmitFrame  stm32f7xx_hal_eth.o
    0x080014aa   0x00000002   Code   RO         4749    i.HAL_ETH_TxCpltCallback  stm32f7xx_hal_eth.o
    0x080014ac   0x0000007a   Code   RO         4750    i.HAL_ETH_WritePHYRegister  stm32f7xx_hal_eth.o
    0x08001526   0x00000002   Code   RO         2889    i.HAL_GPIO_EXTI_Callback  stm32f7xx_hal_gpio.o
    0x08001528   0x00000018   Code   RO         2890    i.HAL_GPIO_EXTI_IRQHandler  stm32f7xx_hal_gpio.o
    0x08001540   0x000001d8   Code   RO         2891    i.HAL_GPIO_Init     stm32f7xx_hal_gpio.o
    0x08001718   0x0000000a   Code   RO         2893    i.HAL_GPIO_ReadPin  stm32f7xx_hal_gpio.o
    0x08001722   0x0000000a   Code   RO         2895    i.HAL_GPIO_WritePin  stm32f7xx_hal_gpio.o
    0x0800172c   0x0000000c   Code   RO         3194    i.HAL_GetTick       stm32f7xx_hal.o
    0x08001738   0x00000010   Code   RO         3198    i.HAL_IncTick       stm32f7xx_hal.o
    0x08001748   0x00000024   Code   RO         3199    i.HAL_Init          stm32f7xx_hal.o
    0x0800176c   0x00000028   Code   RO         3200    i.HAL_InitTick      stm32f7xx_hal.o
    0x08001794   0x00000058   Code   RO         9770    i.HAL_MspInit       stm32f7xx_hal_msp.o
    0x080017ec   0x00000016   Code   RO         1761    i.HAL_NVIC_EnableIRQ  stm32f7xx_hal_cortex.o
    0x08001802   0x00000002   PAD
    0x08001804   0x00000040   Code   RO         1767    i.HAL_NVIC_SetPriority  stm32f7xx_hal_cortex.o
    0x08001844   0x00000024   Code   RO         1768    i.HAL_NVIC_SetPriorityGrouping  stm32f7xx_hal_cortex.o
    0x08001868   0x0000006c   Code   RO         2140    i.HAL_PWREx_EnableOverDrive  stm32f7xx_hal_pwr_ex.o
    0x080018d4   0x0000053c   Code   RO         3368    i.HAL_RCCEx_PeriphCLKConfig  stm32f7xx_hal_rcc_ex.o
    0x08001e10   0x00000114   Code   RO         1892    i.HAL_RCC_ClockConfig  stm32f7xx_hal_rcc.o
    0x08001f24   0x0000000c   Code   RO         1897    i.HAL_RCC_GetHCLKFreq  stm32f7xx_hal_rcc.o
    0x08001f30   0x00000020   Code   RO         1899    i.HAL_RCC_GetPCLK1Freq  stm32f7xx_hal_rcc.o
    0x08001f50   0x00000020   Code   RO         1900    i.HAL_RCC_GetPCLK2Freq  stm32f7xx_hal_rcc.o
    0x08001f70   0x0000005c   Code   RO         1901    i.HAL_RCC_GetSysClockFreq  stm32f7xx_hal_rcc.o
    0x08001fcc   0x0000033c   Code   RO         1904    i.HAL_RCC_OscConfig  stm32f7xx_hal_rcc.o
    0x08002308   0x0000008c   Code   RO         1363    i.HAL_RS485Ex_Init  stm32f7xx_hal_uart.o
    0x08002394   0x0000000a   Code   RO         3955    i.HAL_RTCEx_BKUPRead  stm32f7xx_hal_rtc_ex.o
    0x0800239e   0x0000000a   Code   RO         3956    i.HAL_RTCEx_BKUPWrite  stm32f7xx_hal_rtc_ex.o
    0x080023a8   0x000000a0   Code   RO         2001    i.HAL_RTC_Init      stm32f7xx_hal_rtc.o
    0x08002448   0x0000001c   Code   RO         9795    i.HAL_RTC_MspInit   rtc.o
    0x08002464   0x000000d4   Code   RO         2007    i.HAL_RTC_SetDate   stm32f7xx_hal_rtc.o
    0x08002538   0x000000f4   Code   RO         2008    i.HAL_RTC_SetTime   stm32f7xx_hal_rtc.o
    0x0800262c   0x00000036   Code   RO         2009    i.HAL_RTC_WaitForSynchro  stm32f7xx_hal_rtc.o
    0x08002662   0x00000002   Code   RO         4495    i.HAL_SD_AbortCallback  stm32f7xx_hal_sd.o
    0x08002664   0x00000078   Code   RO         4497    i.HAL_SD_ConfigWideBusOperation  stm32f7xx_hal_sd.o
    0x080026dc   0x00000002   Code   RO         4500    i.HAL_SD_ErrorCallback  stm32f7xx_hal_sd.o
    0x080026de   0x000001fa   Code   RO         4502    i.HAL_SD_GetCardCSD  stm32f7xx_hal_sd.o
    0x080028d8   0x00000024   Code   RO         4503    i.HAL_SD_GetCardInfo  stm32f7xx_hal_sd.o
    0x080028fc   0x0000002c   Code   RO         4504    i.HAL_SD_GetCardState  stm32f7xx_hal_sd.o
    0x08002928   0x000001a8   Code   RO         4508    i.HAL_SD_IRQHandler  stm32f7xx_hal_sd.o
    0x08002ad0   0x00000036   Code   RO         4509    i.HAL_SD_Init       stm32f7xx_hal_sd.o
    0x08002b06   0x0000005c   Code   RO         4510    i.HAL_SD_InitCard   stm32f7xx_hal_sd.o
    0x08002b62   0x00000002   PAD
    0x08002b64   0x0000007c   Code   RO         9505    i.HAL_SD_MspInit    sdmmc.o
    0x08002be0   0x000000f4   Code   RO         4514    i.HAL_SD_ReadBlocks_DMA  stm32f7xx_hal_sd.o
    0x08002cd4   0x00000002   Code   RO         4516    i.HAL_SD_RxCpltCallback  stm32f7xx_hal_sd.o
    0x08002cd6   0x00000002   Code   RO         4517    i.HAL_SD_TxCpltCallback  stm32f7xx_hal_sd.o
    0x08002cd8   0x000000f8   Code   RO         4519    i.HAL_SD_WriteBlocks_DMA  stm32f7xx_hal_sd.o
    0x08002dd0   0x00000002   Code   RO         2568    i.HAL_SPI_ErrorCallback  stm32f7xx_hal_spi.o
    0x08002dd2   0x00000002   PAD
    0x08002dd4   0x000000d8   Code   RO         2571    i.HAL_SPI_IRQHandler  stm32f7xx_hal_spi.o
    0x08002eac   0x000000c4   Code   RO         2572    i.HAL_SPI_Init      stm32f7xx_hal_spi.o
    0x08002f70   0x00000054   Code   RO         9917    i.HAL_SPI_MspInit   spi.o
    0x08002fc4   0x00000018   Code   RO         1770    i.HAL_SYSTICK_CLKSourceConfig  stm32f7xx_hal_cortex.o
    0x08002fdc   0x00000026   Code   RO         1772    i.HAL_SYSTICK_Config  stm32f7xx_hal_cortex.o
    0x08003002   0x00000002   Code   RO         1368    i.HAL_UART_ErrorCallback  stm32f7xx_hal_uart.o
    0x08003004   0x00000178   Code   RO         1371    i.HAL_UART_IRQHandler  stm32f7xx_hal_uart.o
    0x0800317c   0x00000074   Code   RO         9875    i.HAL_UART_MspInit  usart.o
    0x080031f0   0x00000018   Code   RO         9327    i.HAL_UART_RxCpltCallback  main.o
    0x08003208   0x00000002   Code   RO         1383    i.HAL_UART_TxCpltCallback  stm32f7xx_hal_uart.o
    0x0800320a   0x00000002   Code   RO        10035    i.HardFault_Handler  stm32f7xx_it.o
    0x0800320c   0x0000007c   Code   RO         4990    i.IO_Inputupdate    io.o
    0x08003288   0x0000001c   Code   RO         4991    i.IO_Read           io.o
    0x080032a4   0x00000010   Code   RO         4992    i.IO_Sethigh        io.o
    0x080032b4   0x00000010   Code   RO         4993    i.IO_Setlow         io.o
    0x080032c4   0x00000060   Code   RO         4995    i.IO_outputupdate   io.o
    0x08003324   0x0000004e   Code   RO         4917    i.MT_Control        agv_followline.o
    0x08003372   0x00000002   PAD
    0x08003374   0x00000088   Code   RO         4918    i.MT_Left           agv_followline.o
    0x080033fc   0x00000084   Code   RO         4919    i.MT_Right          agv_followline.o
    0x08003480   0x00000070   Code   RO         9724    i.MX_ADC1_Init      adc.o
    0x080034f0   0x00000070   Code   RO         9725    i.MX_ADC2_Init      adc.o
    0x08003560   0x0000001c   Code   RO         9836    i.MX_FATFS_Init     fatfs.o
    0x0800357c   0x00000068   Code   RO        10125    i.MX_FREERTOS_Init  freertos.o
    0x080035e4   0x00000230   Code   RO         9546    i.MX_GPIO_Init      gpio.o
    0x08003814   0x000000a8   Code   RO         9660    i.MX_LWIP_Init      lwip.o
    0x080038bc   0x000000ac   Code   RO         9796    i.MX_RTC_Init       rtc.o
    0x08003968   0x00000020   Code   RO         9506    i.MX_SDMMC2_SD_Init  sdmmc.o
    0x08003988   0x00000060   Code   RO         9918    i.MX_SPI4_Init      spi.o
    0x080039e8   0x00000058   Code   RO         9876    i.MX_UART7_Init     usart.o
    0x08003a40   0x00000002   Code   RO        10036    i.MemManage_Handler  stm32f7xx_it.o
    0x08003a42   0x00000002   Code   RO        10037    i.NMI_Handler       stm32f7xx_it.o
    0x08003a44   0x00000022   Code   RO         1774    i.NVIC_SetPriority  stm32f7xx_hal_cortex.o
    0x08003a66   0x00000002   PAD
    0x08003a68   0x00000078   Code   RO         4920    i.PID_Control       agv_followline.o
    0x08003ae0   0x00000012   Code   RO         2010    i.RTC_Bcd2ToByte    stm32f7xx_hal_rtc.o
    0x08003af2   0x00000016   Code   RO         2011    i.RTC_ByteToBcd2    stm32f7xx_hal_rtc.o
    0x08003b08   0x0000003a   Code   RO         2012    i.RTC_EnterInitMode  stm32f7xx_hal_rtc.o
    0x08003b42   0x00000002   PAD
    0x08003b44   0x0000000c   Code   RO        10038    i.SDMMC2_IRQHandler  stm32f7xx_it.o
    0x08003b50   0x00000032   Code   RO         4230    i.SDMMC_CmdAppCommand  stm32f7xx_ll_sdmmc.o
    0x08003b82   0x00000002   PAD
    0x08003b84   0x00000034   Code   RO         4231    i.SDMMC_CmdAppOperCommand  stm32f7xx_ll_sdmmc.o
    0x08003bb8   0x00000032   Code   RO         4232    i.SDMMC_CmdBlockLength  stm32f7xx_ll_sdmmc.o
    0x08003bea   0x00000032   Code   RO         4233    i.SDMMC_CmdBusWidth  stm32f7xx_ll_sdmmc.o
    0x08003c1c   0x00000050   Code   RO         4237    i.SDMMC_CmdGoIdleState  stm32f7xx_ll_sdmmc.o
    0x08003c6c   0x00000064   Code   RO         4239    i.SDMMC_CmdOperCond  stm32f7xx_ll_sdmmc.o
    0x08003cd0   0x00000032   Code   RO         4240    i.SDMMC_CmdReadMultiBlock  stm32f7xx_ll_sdmmc.o
    0x08003d02   0x00000032   Code   RO         4241    i.SDMMC_CmdReadSingleBlock  stm32f7xx_ll_sdmmc.o
    0x08003d34   0x00000030   Code   RO         4244    i.SDMMC_CmdSelDesel  stm32f7xx_ll_sdmmc.o
    0x08003d64   0x0000002a   Code   RO         4245    i.SDMMC_CmdSendCID  stm32f7xx_ll_sdmmc.o
    0x08003d8e   0x0000002e   Code   RO         4246    i.SDMMC_CmdSendCSD  stm32f7xx_ll_sdmmc.o
    0x08003dbc   0x00000030   Code   RO         4247    i.SDMMC_CmdSendSCR  stm32f7xx_ll_sdmmc.o
    0x08003dec   0x00000032   Code   RO         4248    i.SDMMC_CmdSendStatus  stm32f7xx_ll_sdmmc.o
    0x08003e1e   0x00000030   Code   RO         4249    i.SDMMC_CmdSetRelAdd  stm32f7xx_ll_sdmmc.o
    0x08003e4e   0x00000002   PAD
    0x08003e50   0x00000034   Code   RO         4251    i.SDMMC_CmdStopTransfer  stm32f7xx_ll_sdmmc.o
    0x08003e84   0x00000032   Code   RO         4253    i.SDMMC_CmdWriteMultiBlock  stm32f7xx_ll_sdmmc.o
    0x08003eb6   0x00000032   Code   RO         4254    i.SDMMC_CmdWriteSingleBlock  stm32f7xx_ll_sdmmc.o
    0x08003ee8   0x00000026   Code   RO         4255    i.SDMMC_ConfigData  stm32f7xx_ll_sdmmc.o
    0x08003f0e   0x00000002   PAD
    0x08003f10   0x0000011c   Code   RO         4256    i.SDMMC_GetCmdResp1  stm32f7xx_ll_sdmmc.o
    0x0800402c   0x00000050   Code   RO         4257    i.SDMMC_GetCmdResp2  stm32f7xx_ll_sdmmc.o
    0x0800407c   0x00000040   Code   RO         4258    i.SDMMC_GetCmdResp3  stm32f7xx_ll_sdmmc.o
    0x080040bc   0x00000084   Code   RO         4259    i.SDMMC_GetCmdResp6  stm32f7xx_ll_sdmmc.o
    0x08004140   0x00000008   Code   RO         4263    i.SDMMC_GetPowerState  stm32f7xx_ll_sdmmc.o
    0x08004148   0x0000000c   Code   RO         4264    i.SDMMC_GetResponse  stm32f7xx_ll_sdmmc.o
    0x08004154   0x00000022   Code   RO         4265    i.SDMMC_Init        stm32f7xx_ll_sdmmc.o
    0x08004176   0x00000008   Code   RO         4267    i.SDMMC_PowerState_ON  stm32f7xx_ll_sdmmc.o
    0x0800417e   0x00000006   Code   RO         4268    i.SDMMC_ReadFIFO    stm32f7xx_ll_sdmmc.o
    0x08004184   0x00000022   Code   RO         4269    i.SDMMC_SendCommand  stm32f7xx_ll_sdmmc.o
    0x080041a6   0x0000000a   Code   RO         4271    i.SDMMC_WriteFIFO   stm32f7xx_ll_sdmmc.o
    0x080041b0   0x00000020   Code   RO         9960    i.SD_CheckStatus    sd_diskio.o
    0x080041d0   0x0000005e   Code   RO         4521    i.SD_DMAError       stm32f7xx_hal_sd.o
    0x0800422e   0x0000003e   Code   RO         4522    i.SD_DMAReceiveCplt  stm32f7xx_hal_sd.o
    0x0800426c   0x00000048   Code   RO         4523    i.SD_DMARxAbort     stm32f7xx_hal_sd.o
    0x080042b4   0x0000000e   Code   RO         4524    i.SD_DMATransmitCplt  stm32f7xx_hal_sd.o
    0x080042c2   0x00000048   Code   RO         4525    i.SD_DMATxAbort     stm32f7xx_hal_sd.o
    0x0800430a   0x000000d6   Code   RO         4526    i.SD_FindSCR        stm32f7xx_hal_sd.o
    0x080043e0   0x000000e6   Code   RO         4527    i.SD_InitCard       stm32f7xx_hal_sd.o
    0x080044c6   0x000000a6   Code   RO         4528    i.SD_PowerON        stm32f7xx_hal_sd.o
    0x0800456c   0x0000004e   Code   RO         4530    i.SD_WideBus_Disable  stm32f7xx_hal_sd.o
    0x080045ba   0x0000004e   Code   RO         4531    i.SD_WideBus_Enable  stm32f7xx_hal_sd.o
    0x08004608   0x00000030   Code   RO         9961    i.SD_initialize     sd_diskio.o
    0x08004638   0x00000054   Code   RO         9962    i.SD_ioctl          sd_diskio.o
    0x0800468c   0x00000054   Code   RO         9963    i.SD_read           sd_diskio.o
    0x080046e0   0x00000004   Code   RO         9964    i.SD_status         sd_diskio.o
    0x080046e4   0x00000054   Code   RO         9965    i.SD_write          sd_diskio.o
    0x08004738   0x0000000c   Code   RO        10039    i.SPI4_IRQHandler   stm32f7xx_it.o
    0x08004744   0x00000012   Code   RO         2599    i.SPI_DMAAbortOnError  stm32f7xx_hal_spi.o
    0x08004756   0x00000010   Code   RO        10126    i.StartDefaultTask  freertos.o
    0x08004766   0x00000002   PAD
    0x08004768   0x00000084   Code   RO        10127    i.StartTaskSD       freertos.o
    0x080047ec   0x00000006   Code   RO        10128    i.StarttaskFollowline  freertos.o
    0x080047f2   0x0000000a   Code   RO        10129    i.StarttaskInput    freertos.o
    0x080047fc   0x00000012   Code   RO        10040    i.SysTick_Handler   stm32f7xx_it.o
    0x0800480e   0x00000002   PAD
    0x08004810   0x000000d4   Code   RO         9328    i.SystemClock_Config  main.o
    0x080048e4   0x00000054   Code   RO         4878    i.SystemInit        system_stm32f7xx.o
    0x08004938   0x000000d0   Code   RO         4921    i.TLV_Output        agv_followline.o
    0x08004a08   0x0000006c   Code   RO         5047    i.TimerTick         agvconfig.o
    0x08004a74   0x0000000c   Code   RO        10041    i.UART7_IRQHandler  stm32f7xx_it.o
    0x08004a80   0x000000c8   Code   RO         1385    i.UART_AdvFeatureConfig  stm32f7xx_hal_uart.o
    0x08004b48   0x00000040   Code   RO         1386    i.UART_CheckIdleState  stm32f7xx_hal_uart.o
    0x08004b88   0x00000014   Code   RO         1387    i.UART_DMAAbortOnError  stm32f7xx_hal_uart.o
    0x08004b9c   0x0000001c   Code   RO         1393    i.UART_EndRxTransfer  stm32f7xx_hal_uart.o
    0x08004bb8   0x00000078   Code   RO         1395    i.UART_Receive_IT   stm32f7xx_hal_uart.o
    0x08004c30   0x00000258   Code   RO         1396    i.UART_SetConfig    stm32f7xx_hal_uart.o
    0x08004e88   0x00000064   Code   RO         1397    i.UART_WaitOnFlagUntilTimeout  stm32f7xx_hal_uart.o
    0x08004eec   0x00000002   Code   RO        10042    i.UsageFault_Handler  stm32f7xx_it.o
    0x08004eee   0x00000002   Code   RO         9329    i._Error_Handler    main.o
    0x08004ef0   0x0000000e   Code   RO        10245    i.__scatterload_copy  mc_w.l(handlers.o)
    0x08004efe   0x00000002   Code   RO        10246    i.__scatterload_null  mc_w.l(handlers.o)
    0x08004f00   0x0000000e   Code   RO        10247    i.__scatterload_zeroinit  mc_w.l(handlers.o)
    0x08004f0e   0x00000002   PAD
    0x08004f10   0x00000070   Code   RO         5128    i.check_fs          ff.o
    0x08004f80   0x0000005c   Code   RO         5129    i.chk_lock          ff.o
    0x08004fdc   0x00000020   Code   RO         5130    i.clear_lock        ff.o
    0x08004ffc   0x00000024   Code   RO         5131    i.clmt_clust        ff.o
    0x08005020   0x00000018   Code   RO         5132    i.clust2sect        ff.o
    0x08005038   0x000000a6   Code   RO         5133    i.create_chain      ff.o
    0x080050de   0x00000002   PAD
    0x080050e0   0x000000bc   Code   RO         5134    i.create_name       ff.o
    0x0800519c   0x0000001c   Code   RO         6063    i.cyclic_timer      timeouts.o
    0x080051b8   0x00000034   Code   RO         5135    i.dec_lock          ff.o
    0x080051ec   0x00000066   Code   RO         5136    i.dir_find          ff.o
    0x08005252   0x00000002   PAD
    0x08005254   0x000000f4   Code   RO         5137    i.dir_next          ff.o
    0x08005348   0x00000066   Code   RO         5139    i.dir_register      ff.o
    0x080053ae   0x00000082   Code   RO         5141    i.dir_sdi           ff.o
    0x08005430   0x00000028   Code   RO         5524    i.disk_initialize   diskio.o
    0x08005458   0x00000018   Code   RO         5525    i.disk_ioctl        diskio.o
    0x08005470   0x0000001c   Code   RO         5526    i.disk_read         diskio.o
    0x0800548c   0x00000014   Code   RO         5527    i.disk_status       diskio.o
    0x080054a0   0x0000001c   Code   RO         5528    i.disk_write        diskio.o
    0x080054bc   0x0000001c   Code   RO         7452    i.do_memp_free_pool  memp.o
    0x080054d8   0x00000022   Code   RO         7453    i.do_memp_malloc_pool  memp.o
    0x080054fa   0x00000002   PAD
    0x080054fc   0x00000030   Code   RO         7709    i.etharp_cleanup_netif  etharp.o
    0x0800552c   0x000000dc   Code   RO         7711    i.etharp_find_entry  etharp.o
    0x08005608   0x00000024   Code   RO         7712    i.etharp_free_entry  etharp.o
    0x0800562c   0x000000a0   Code   RO         7714    i.etharp_input      etharp.o
    0x080056cc   0x000000e8   Code   RO         7715    i.etharp_output     etharp.o
    0x080057b4   0x00000060   Code   RO         7716    i.etharp_output_to_arp_index  etharp.o
    0x08005814   0x000000f0   Code   RO         7717    i.etharp_query      etharp.o
    0x08005904   0x00000088   Code   RO         7718    i.etharp_raw        etharp.o
    0x0800598c   0x0000000c   Code   RO         7719    i.etharp_request    etharp.o
    0x08005998   0x00000020   Code   RO         7720    i.etharp_request_dst  etharp.o
    0x080059b8   0x00000060   Code   RO         7721    i.etharp_tmr        etharp.o
    0x08005a18   0x00000080   Code   RO         7722    i.etharp_update_arp_entry  etharp.o
    0x08005a98   0x000000a0   Code   RO         8974    i.ethernet_input    ethernet.o
    0x08005b38   0x0000004a   Code   RO         8975    i.ethernet_output   ethernet.o
    0x08005b82   0x00000002   PAD
    0x08005b84   0x00000028   Code   RO         9573    i.ethernetif_init   ethernetif.o
    0x08005bac   0x00000034   Code   RO         9574    i.ethernetif_input  ethernetif.o
    0x08005be0   0x00000030   Code   RO         5142    i.f_close           ff.o
    0x08005c10   0x0000007c   Code   RO         5149    i.f_mount           ff.o
    0x08005c8c   0x00000218   Code   RO         5150    i.f_open            ff.o
    0x08005ea4   0x000001d0   Code   RO         5152    i.f_printf          ff.o
    0x08006074   0x000000a2   Code   RO         5159    i.f_sync            ff.o
    0x08006116   0x000001b4   Code   RO         5162    i.f_write           ff.o
    0x080062ca   0x0000001a   Code   RO         5476    i.ff_cre_syncobj    syscall.o
    0x080062e4   0x0000000a   Code   RO         5477    i.ff_del_syncobj    syscall.o
    0x080062ee   0x00000004   Code   RO         5478    i.ff_rel_grant      syscall.o
    0x080062f2   0x00000014   Code   RO         5479    i.ff_req_grant      syscall.o
    0x08006306   0x00000002   PAD
    0x08006308   0x00000264   Code   RO         5163    i.find_volume       ff.o
    0x0800656c   0x00000074   Code   RO         5164    i.follow_path       ff.o
    0x080065e0   0x000000be   Code   RO         5165    i.get_fat           ff.o
    0x0800669e   0x00000004   Code   RO         9837    i.get_fattime       fatfs.o
    0x080066a2   0x0000003c   Code   RO         5167    i.get_ldnumber      ff.o
    0x080066de   0x00000008   Code   RO         6624    i.icmp_dest_unreach  icmp.o
    0x080066e6   0x00000002   PAD
    0x080066e8   0x000000f8   Code   RO         6625    i.icmp_input        icmp.o
    0x080067e0   0x0000006c   Code   RO         6626    i.icmp_send_response  icmp.o
    0x0800684c   0x00000008   Code   RO         6627    i.icmp_time_exceeded  icmp.o
    0x08006854   0x0000000c   Code   RO          965    i.inHandlerMode     cmsis_os.o
    0x08006860   0x00000080   Code   RO         5168    i.inc_lock          ff.o
    0x080068e0   0x0000002e   Code   RO         7815    i.ip4_addr_isbroadcast_u32  ip4_addr.o
    0x0800690e   0x00000002   PAD
    0x08006910   0x00000160   Code   RO         6245    i.ip4_frag          ip4_frag.o
    0x08006a70   0x0000019c   Code   RO         8654    i.ip4_input         ip4.o
    0x08006c0c   0x0000001e   Code   RO         8656    i.ip4_output_if     ip4.o
    0x08006c2a   0x00000002   PAD
    0x08006c2c   0x000000ac   Code   RO         8657    i.ip4_output_if_src  ip4.o
    0x08006cd8   0x00000194   Code   RO         6246    i.ip4_reass         ip4_frag.o
    0x08006e6c   0x0000005c   Code   RO         8658    i.ip4_route         ip4.o
    0x08006ec8   0x00000008   Code   RO         6247    i.ip_frag_free_pbuf_custom_ref  ip4_frag.o
    0x08006ed0   0x000000f0   Code   RO         6248    i.ip_reass_chain_frag_into_datagram_and_validate  ip4_frag.o
    0x08006fc0   0x00000024   Code   RO         6249    i.ip_reass_dequeue_datagram  ip4_frag.o
    0x08006fe4   0x00000070   Code   RO         6250    i.ip_reass_free_complete_datagram  ip4_frag.o
    0x08007054   0x00000080   Code   RO         6251    i.ip_reass_remove_oldest_datagram  ip4_frag.o
    0x080070d4   0x0000002c   Code   RO         6252    i.ip_reass_tmr      ip4_frag.o
    0x08007100   0x00000016   Code   RO         6253    i.ipfrag_free_pbuf_custom  ip4_frag.o
    0x08007116   0x00000026   Code   RO         5169    i.ld_clust          ff.o
    0x0800713c   0x00000016   Code   RO         5170    i.ld_dword          ff.o
    0x08007152   0x0000000a   Code   RO         5171    i.ld_word           ff.o
    0x0800715c   0x00000014   Code   RO         5172    i.lock_fs           ff.o
    0x08007170   0x0000011c   Code   RO         9575    i.low_level_init    ethernetif.o
    0x0800728c   0x000000c4   Code   RO         9576    i.low_level_input   ethernetif.o
    0x08007350   0x000000b0   Code   RO         9577    i.low_level_output  ethernetif.o
    0x08007400   0x00000004   Code   RO         8883    i.lwip_htonl        def.o
    0x08007404   0x00000004   Code   RO         8884    i.lwip_htons        def.o
    0x08007408   0x00000022   Code   RO         6355    i.lwip_init         init.o
    0x0800742a   0x00000002   PAD
    0x0800742c   0x000000a0   Code   RO         9330    i.main              main.o
    0x080074cc   0x0000000e   Code   RO          967    i.makeFreeRtosPriority  cmsis_os.o
    0x080074da   0x00000012   Code   RO         5173    i.mem_cpy           ff.o
    0x080074ec   0x00000050   Code   RO         9012    i.mem_free          mem.o
    0x0800753c   0x0000003c   Code   RO         9013    i.mem_init          mem.o
    0x08007578   0x000000d4   Code   RO         9014    i.mem_malloc        mem.o
    0x0800764c   0x0000000e   Code   RO         5174    i.mem_set           ff.o
    0x0800765a   0x00000002   PAD
    0x0800765c   0x000000ec   Code   RO         9015    i.mem_trim          mem.o
    0x08007748   0x00000018   Code   RO         7454    i.memp_free         memp.o
    0x08007760   0x00000020   Code   RO         7456    i.memp_init         memp.o
    0x08007780   0x0000002a   Code   RO         7457    i.memp_init_pool    memp.o
    0x080077aa   0x00000002   PAD
    0x080077ac   0x00000018   Code   RO         7458    i.memp_malloc       memp.o
    0x080077c4   0x00000032   Code   RO         5175    i.move_window       ff.o
    0x080077f6   0x00000002   PAD
    0x080077f8   0x00000054   Code   RO         8161    i.netif_add         netif.o
    0x0800784c   0x00000002   Code   RO         8163    i.netif_init        netif.o
    0x0800784e   0x0000001a   Code   RO         8165    i.netif_issue_reports  netif.o
    0x08007868   0x00000048   Code   RO         8167    i.netif_set_addr    netif.o
    0x080078b0   0x0000000c   Code   RO         8168    i.netif_set_default  netif.o
    0x080078bc   0x0000001a   Code   RO         8169    i.netif_set_down    netif.o
    0x080078d6   0x00000008   Code   RO         8170    i.netif_set_gw      netif.o
    0x080078de   0x00000002   PAD
    0x080078e0   0x00000040   Code   RO         8171    i.netif_set_ipaddr  netif.o
    0x08007920   0x00000008   Code   RO         8174    i.netif_set_netmask  netif.o
    0x08007928   0x0000001c   Code   RO         8175    i.netif_set_up      netif.o
    0x08007944   0x0000000e   Code   RO          969    i.osDelay           cmsis_os.o
    0x08007952   0x0000000a   Code   RO          972    i.osKernelStart     cmsis_os.o
    0x0800795c   0x00000018   Code   RO          973    i.osKernelSysTick   cmsis_os.o
    0x08007974   0x0000000a   Code   RO          981    i.osMessageCreate   cmsis_os.o
    0x0800797e   0x00000002   PAD
    0x08007980   0x00000098   Code   RO          983    i.osMessageGet      cmsis_os.o
    0x08007a18   0x0000005c   Code   RO          985    i.osMessagePut      cmsis_os.o
    0x08007a74   0x00000006   Code   RO          987    i.osMutexCreate     cmsis_os.o
    0x08007a7a   0x00000002   PAD
    0x08007a7c   0x00000050   Code   RO          989    i.osMutexRelease    cmsis_os.o
    0x08007acc   0x0000006c   Code   RO          990    i.osMutexWait       cmsis_os.o
    0x08007b38   0x00000026   Code   RO          998    i.osSemaphoreCreate  cmsis_os.o
    0x08007b5e   0x00000018   Code   RO          999    i.osSemaphoreDelete  cmsis_os.o
    0x08007b76   0x00000002   PAD
    0x08007b78   0x00000050   Code   RO         1001    i.osSemaphoreRelease  cmsis_os.o
    0x08007bc8   0x0000006c   Code   RO         1002    i.osSemaphoreWait   cmsis_os.o
    0x08007c34   0x00000014   Code   RO         1005    i.osSystickHandler  cmsis_os.o
    0x08007c48   0x0000002e   Code   RO         1006    i.osThreadCreate    cmsis_os.o
    0x08007c76   0x0000011c   Code   RO         6686    i.pbuf_alloc        pbuf.o
    0x08007d92   0x00000052   Code   RO         6687    i.pbuf_alloced_custom  pbuf.o
    0x08007de4   0x00000028   Code   RO         6688    i.pbuf_cat          pbuf.o
    0x08007e0c   0x00000012   Code   RO         6690    i.pbuf_clen         pbuf.o
    0x08007e1e   0x0000009a   Code   RO         6692    i.pbuf_copy         pbuf.o
    0x08007eb8   0x00000066   Code   RO         6693    i.pbuf_copy_partial  pbuf.o
    0x08007f1e   0x00000062   Code   RO         6695    i.pbuf_free         pbuf.o
    0x08007f80   0x00000034   Code   RO         6696    i.pbuf_free_ooseq_callback  pbuf.o
    0x08007fb4   0x00000006   Code   RO         6698    i.pbuf_header       pbuf.o
    0x08007fba   0x00000006   Code   RO         6699    i.pbuf_header_force  pbuf.o
    0x08007fc0   0x00000064   Code   RO         6700    i.pbuf_header_impl  pbuf.o
    0x08008024   0x00000040   Code   RO         6703    i.pbuf_pool_is_empty  pbuf.o
    0x08008064   0x00000054   Code   RO         6705    i.pbuf_realloc      pbuf.o
    0x080080b8   0x0000001a   Code   RO         6706    i.pbuf_ref          pbuf.o
    0x080080d2   0x00000002   PAD
    0x080080d4   0x00000054   Code   RO         9016    i.plug_holes        mem.o
    0x08008128   0x00000070   Code   RO          501    i.prvAddCurrentTaskToDelayedList  tasks.o
    0x08008198   0x000000d0   Code   RO          502    i.prvAddNewTaskToReadyList  tasks.o
    0x08008268   0x00000050   Code   RO          503    i.prvCheckTasksWaitingTermination  tasks.o
    0x080082b8   0x00000026   Code   RO          796    i.prvCopyDataFromQueue  queue.o
    0x080082de   0x0000006c   Code   RO          797    i.prvCopyDataToQueue  queue.o
    0x0800834a   0x00000014   Code   RO          504    i.prvDeleteTCB      tasks.o
    0x0800835e   0x00000002   PAD
    0x08008360   0x00000050   Code   RO          209    i.prvHeapInit       heap_4.o
    0x080083b0   0x00000028   Code   RO          505    i.prvIdleTask       tasks.o
    0x080083d8   0x00000092   Code   RO          506    i.prvInitialiseNewTask  tasks.o
    0x0800846a   0x00000002   PAD
    0x0800846c   0x0000004c   Code   RO          210    i.prvInsertBlockIntoFreeList  heap_4.o
    0x080084b8   0x0000001c   Code   RO          798    i.prvIsQueueEmpty   queue.o
    0x080084d4   0x00000020   Code   RO          507    i.prvResetNextTaskUnblockTime  tasks.o
    0x080084f4   0x00000030   Code   RO          283    i.prvTaskExitError  port.o
    0x08008524   0x0000006a   Code   RO          799    i.prvUnlockQueue    queue.o
    0x0800858e   0x000000f0   Code   RO         5176    i.put_fat           ff.o
    0x0800867e   0x0000003a   Code   RO         5177    i.putc_bfd          ff.o
    0x080086b8   0x0000002a   Code   RO         5178    i.putc_flush        ff.o
    0x080086e2   0x00000002   PAD
    0x080086e4   0x000000e4   Code   RO          211    i.pvPortMalloc      heap_4.o
    0x080087c8   0x00000018   Code   RO          509    i.pvTaskIncrementMutexHeldCount  tasks.o
    0x080087e0   0x00000030   Code   RO          284    i.pxPortInitialiseStack  port.o
    0x08008810   0x00000074   Code   RO         5179    i.remove_chain      ff.o
    0x08008884   0x00000028   Code   RO         5180    i.st_clust          ff.o
    0x080088ac   0x00000010   Code   RO         5181    i.st_dword          ff.o
    0x080088bc   0x00000008   Code   RO         5182    i.st_word           ff.o
    0x080088c4   0x00000088   Code   RO         5183    i.sync_fs           ff.o
    0x0800894c   0x00000052   Code   RO         5184    i.sync_window       ff.o
    0x0800899e   0x00000046   Code   RO         7175    i.sys_arch_mbox_fetch  sys_arch.o
    0x080089e4   0x00000018   Code   RO         7177    i.sys_arch_protect  sys_arch.o
    0x080089fc   0x0000000c   Code   RO         7179    i.sys_arch_unprotect  sys_arch.o
    0x08008a08   0x00000058   Code   RO         6064    i.sys_check_timeouts  timeouts.o
    0x08008a60   0x00000018   Code   RO         7180    i.sys_init          sys_arch.o
    0x08008a78   0x00000028   Code   RO         7182    i.sys_mbox_new      sys_arch.o
    0x08008aa0   0x0000001a   Code   RO         7183    i.sys_mbox_post     sys_arch.o
    0x08008aba   0x00000014   Code   RO         7185    i.sys_mbox_trypost  sys_arch.o
    0x08008ace   0x0000000a   Code   RO         7186    i.sys_mbox_valid    sys_arch.o
    0x08008ad8   0x0000000a   Code   RO         7188    i.sys_mutex_lock    sys_arch.o
    0x08008ae2   0x0000001c   Code   RO         7189    i.sys_mutex_new     sys_arch.o
    0x08008afe   0x00000006   Code   RO         7190    i.sys_mutex_unlock  sys_arch.o
    0x08008b04   0x00000004   Code   RO         9579    i.sys_now           ethernetif.o
    0x08008b08   0x00000030   Code   RO         7196    i.sys_thread_new    sys_arch.o
    0x08008b38   0x00000090   Code   RO         6066    i.sys_timeout       timeouts.o
    0x08008bc8   0x00000034   Code   RO         6067    i.sys_timeouts_init  timeouts.o
    0x08008bfc   0x00000048   Code   RO         6068    i.sys_timeouts_mbox_fetch  timeouts.o
    0x08008c44   0x000000d8   Code   RO         9068    i.tcp_abandon       tcp.o
    0x08008d1c   0x00000006   Code   RO         9069    i.tcp_abort         tcp.o
    0x08008d22   0x00000002   PAD
    0x08008d24   0x00000110   Code   RO         9072    i.tcp_alloc         tcp.o
    0x08008e34   0x00000014   Code   RO         9075    i.tcp_close         tcp.o
    0x08008e48   0x00000164   Code   RO         9076    i.tcp_close_shutdown  tcp.o
    0x08008fac   0x00000098   Code   RO         8725    i.tcp_create_segment  tcp_out.o
    0x08009044   0x00000022   Code   RO         9079    i.tcp_eff_send_mss_impl  tcp.o
    0x08009066   0x00000096   Code   RO         8726    i.tcp_enqueue_flags  tcp_out.o
    0x080090fc   0x00000058   Code   RO         9081    i.tcp_fasttmr       tcp.o
    0x08009154   0x00000030   Code   RO         8278    i.tcp_getoptbyte    tcp_in.o
    0x08009184   0x00000002   Code   RO         9082    i.tcp_init          tcp.o
    0x08009186   0x00000002   PAD
    0x08009188   0x0000036c   Code   RO         8279    i.tcp_input         tcp_in.o
    0x080094f4   0x00000052   Code   RO         8727    i.tcp_keepalive     tcp_out.o
    0x08009546   0x00000002   PAD
    0x08009548   0x0000003c   Code   RO         9083    i.tcp_kill_state    tcp.o
    0x08009584   0x000000ec   Code   RO         8280    i.tcp_listen_input  tcp_in.o
    0x08009670   0x0000004c   Code   RO         9085    i.tcp_netif_ip_addr_changed  tcp.o
    0x080096bc   0x00000022   Code   RO         9086    i.tcp_netif_ip_addr_changed_pcblist  tcp.o
    0x080096de   0x00000002   PAD
    0x080096e0   0x00000010   Code   RO         9090    i.tcp_next_iss      tcp.o
    0x080096f0   0x0000007c   Code   RO         8281    i.tcp_oos_insert_segment  tcp_in.o
    0x0800976c   0x000001c8   Code   RO         8728    i.tcp_output        tcp_out.o
    0x08009934   0x0000006c   Code   RO         8729    i.tcp_output_alloc_header  tcp_out.o
    0x080099a0   0x000000b0   Code   RO         8730    i.tcp_output_segment  tcp_out.o
    0x08009a50   0x00000074   Code   RO         8282    i.tcp_parseopt      tcp_in.o
    0x08009ac4   0x00000042   Code   RO         9091    i.tcp_pcb_purge     tcp.o
    0x08009b06   0x00000050   Code   RO         9092    i.tcp_pcb_remove    tcp.o
    0x08009b56   0x00000002   PAD
    0x08009b58   0x00000374   Code   RO         8283    i.tcp_process       tcp_in.o
    0x08009ecc   0x0000006c   Code   RO         9094    i.tcp_process_refused_data  tcp.o
    0x08009f38   0x000006d4   Code   RO         8284    i.tcp_receive       tcp_in.o
    0x0800a60c   0x00000024   Code   RO         9096    i.tcp_recv_null     tcp.o
    0x0800a630   0x00000042   Code   RO         9097    i.tcp_recved        tcp.o
    0x0800a672   0x00000052   Code   RO         8732    i.tcp_rexmit        tcp_out.o
    0x0800a6c4   0x0000005c   Code   RO         8733    i.tcp_rexmit_fast   tcp_out.o
    0x0800a720   0x0000002c   Code   RO         8734    i.tcp_rexmit_rto    tcp_out.o
    0x0800a74c   0x00000080   Code   RO         8735    i.tcp_rst           tcp_out.o
    0x0800a7cc   0x00000028   Code   RO         9098    i.tcp_seg_copy      tcp.o
    0x0800a7f4   0x0000001c   Code   RO         9099    i.tcp_seg_free      tcp.o
    0x0800a810   0x00000012   Code   RO         9100    i.tcp_segs_free     tcp.o
    0x0800a822   0x00000072   Code   RO         8736    i.tcp_send_empty_ack  tcp_out.o
    0x0800a894   0x00000044   Code   RO         8737    i.tcp_send_fin      tcp_out.o
    0x0800a8d8   0x00000284   Code   RO         9104    i.tcp_slowtmr       tcp.o
    0x0800ab5c   0x00000034   Code   RO         6070    i.tcp_timer_needed  timeouts.o
    0x0800ab90   0x00000068   Code   RO         8285    i.tcp_timewait_input  tcp_in.o
    0x0800abf8   0x00000020   Code   RO         9105    i.tcp_tmr           tcp.o
    0x0800ac18   0x00000010   Code   RO         8286    i.tcp_trigger_input_pcb_close  tcp_in.o
    0x0800ac28   0x00000036   Code   RO         9107    i.tcp_update_rcv_ann_wnd  tcp.o
    0x0800ac5e   0x000000ae   Code   RO         8739    i.tcp_zero_window_probe  tcp_out.o
    0x0800ad0c   0x00000054   Code   RO         8062    i.tcpip_callback_with_block  tcpip.o
    0x0800ad60   0x0000004c   Code   RO         8065    i.tcpip_init        tcpip.o
    0x0800adac   0x00000048   Code   RO         8066    i.tcpip_inpkt       tcpip.o
    0x0800adf4   0x0000001c   Code   RO         8067    i.tcpip_input       tcpip.o
    0x0800ae10   0x00000038   Code   RO         6071    i.tcpip_tcp_timer   timeouts.o
    0x0800ae48   0x0000006c   Code   RO         8069    i.tcpip_thread      tcpip.o
    0x0800aeb4   0x00000002   Code   RO         8550    i.udp_init          udp.o
    0x0800aeb6   0x00000002   PAD
    0x0800aeb8   0x00000124   Code   RO         8551    i.udp_input         udp.o
    0x0800afdc   0x00000034   Code   RO         8552    i.udp_netif_ip_addr_changed  udp.o
    0x0800b010   0x00000018   Code   RO         5185    i.unlock_fs         ff.o
    0x0800b028   0x00000024   Code   RO           13    i.uxListRemove      list.o
    0x0800b04c   0x00000016   Code   RO           14    i.vListInitialise   list.o
    0x0800b062   0x00000006   Code   RO           15    i.vListInitialiseItem  list.o
    0x0800b068   0x00000030   Code   RO           16    i.vListInsert       list.o
    0x0800b098   0x00000018   Code   RO           17    i.vListInsertEnd    list.o
    0x0800b0b0   0x00000048   Code   RO          286    i.vPortEnterCritical  port.o
    0x0800b0f8   0x0000002c   Code   RO          287    i.vPortExitCritical  port.o
    0x0800b124   0x00000064   Code   RO          212    i.vPortFree         heap_4.o
    0x0800b188   0x00000020   Code   RO          288    i.vPortSetupTimerInterrupt  port.o
    0x0800b1a8   0x0000005c   Code   RO          289    i.vPortValidateInterruptPriority  port.o
    0x0800b204   0x00000028   Code   RO          804    i.vQueueDelete      queue.o
    0x0800b22c   0x00000028   Code   RO          805    i.vQueueUnregisterQueue  queue.o
    0x0800b254   0x00000050   Code   RO          515    i.vTaskDelay        tasks.o
    0x0800b2a4   0x0000000c   Code   RO          518    i.vTaskMissedYield  tasks.o
    0x0800b2b0   0x00000034   Code   RO          520    i.vTaskPlaceOnEventList  tasks.o
    0x0800b2e4   0x00000088   Code   RO          522    i.vTaskPriorityInherit  tasks.o
    0x0800b36c   0x00000028   Code   RO          525    i.vTaskSetTimeOutState  tasks.o
    0x0800b394   0x00000070   Code   RO          526    i.vTaskStartScheduler  tasks.o
    0x0800b404   0x00000010   Code   RO          528    i.vTaskSuspendAll   tasks.o
    0x0800b414   0x00000060   Code   RO          529    i.vTaskSwitchContext  tasks.o
    0x0800b474   0x0000003e   Code   RO         5186    i.validate          ff.o
    0x0800b4b2   0x00000002   PAD
    0x0800b4b4   0x000000a8   Code   RO          290    i.xPortStartScheduler  port.o
    0x0800b55c   0x00000030   Code   RO          291    i.xPortSysTickHandler  port.o
    0x0800b58c   0x00000024   Code   RO          806    i.xQueueCreateMutex  queue.o
    0x0800b5b0   0x0000004c   Code   RO          807    i.xQueueGenericCreate  queue.o
    0x0800b5fc   0x0000017c   Code   RO          808    i.xQueueGenericReceive  queue.o
    0x0800b778   0x00000098   Code   RO          809    i.xQueueGenericReset  queue.o
    0x0800b810   0x00000170   Code   RO          810    i.xQueueGenericSend  queue.o
    0x0800b980   0x000000cc   Code   RO          811    i.xQueueGenericSendFromISR  queue.o
    0x0800ba4c   0x000000ac   Code   RO          812    i.xQueueGiveFromISR  queue.o
    0x0800baf8   0x000000a8   Code   RO          816    i.xQueueReceiveFromISR  queue.o
    0x0800bba0   0x00000074   Code   RO          530    i.xTaskCheckForTimeOut  tasks.o
    0x0800bc14   0x00000056   Code   RO          531    i.xTaskCreate       tasks.o
    0x0800bc6a   0x00000002   PAD
    0x0800bc6c   0x0000001c   Code   RO          535    i.xTaskGetSchedulerState  tasks.o
    0x0800bc88   0x0000000c   Code   RO          536    i.xTaskGetTickCount  tasks.o
    0x0800bc94   0x00000010   Code   RO          537    i.xTaskGetTickCountFromISR  tasks.o
    0x0800bca4   0x000000cc   Code   RO          538    i.xTaskIncrementTick  tasks.o
    0x0800bd70   0x000000a8   Code   RO          541    i.xTaskPriorityDisinherit  tasks.o
    0x0800be18   0x00000078   Code   RO          542    i.xTaskRemoveFromEventList  tasks.o
    0x0800be90   0x000000c8   Code   RO          544    i.xTaskResumeAll    tasks.o
    0x0800bf58   0x00000010   Data   RO         4879    .constdata          system_stm32f7xx.o
    0x0800bf68   0x00000008   Data   RO         4880    .constdata          system_stm32f7xx.o
    0x0800bf70   0x0000009c   Data   RO         5188    .constdata          ff.o
    0x0800c00c   0x00000018   Data   RO         6072    .constdata          timeouts.o
    0x0800c024   0x0000000c   Data   RO         7197    .constdata          sys_arch.o
    0x0800c030   0x0000000c   Data   RO         7473    .constdata          memp.o
    0x0800c03c   0x0000000c   Data   RO         7474    .constdata          memp.o
    0x0800c048   0x0000000c   Data   RO         7475    .constdata          memp.o
    0x0800c054   0x0000000c   Data   RO         7476    .constdata          memp.o
    0x0800c060   0x0000000c   Data   RO         7477    .constdata          memp.o
    0x0800c06c   0x0000000c   Data   RO         7478    .constdata          memp.o
    0x0800c078   0x0000000c   Data   RO         7479    .constdata          memp.o
    0x0800c084   0x0000000c   Data   RO         7480    .constdata          memp.o
    0x0800c090   0x0000000c   Data   RO         7481    .constdata          memp.o
    0x0800c09c   0x0000000c   Data   RO         7482    .constdata          memp.o
    0x0800c0a8   0x0000000c   Data   RO         7483    .constdata          memp.o
    0x0800c0b4   0x0000000c   Data   RO         7484    .constdata          memp.o
    0x0800c0c0   0x0000000c   Data   RO         7485    .constdata          memp.o
    0x0800c0cc   0x00000034   Data   RO         7486    .constdata          memp.o
    0x0800c100   0x00000004   Data   RO         7822    .constdata          ip4_addr.o
    0x0800c104   0x00000006   Data   RO         8976    .constdata          ethernet.o
    0x0800c10a   0x00000006   Data   RO         8977    .constdata          ethernet.o
    0x0800c110   0x00000054   Data   RO         9108    .constdata          tcp.o
    0x0800c164   0x00000014   Data   RO         9581    .constdata          ethernetif.o
    0x0800c178   0x00000014   Data   RO         9966    .constdata          sd_diskio.o
    0x0800c18c   0x00000008   Data   RO         9967    .constdata          sd_diskio.o
    0x0800c194   0x00000050   Data   RO        10135    .constdata          freertos.o
    0x0800c1e4   0x00000075   Data   RO         9109    .conststring        tcp.o
    0x0800c259   0x00000003   PAD
    0x0800c25c   0x00000006   Data   RO         9582    .conststring        ethernetif.o
    0x0800c262   0x00000002   PAD
    0x0800c264   0x00000026   Data   RO        10136    .conststring        freertos.o
    0x0800c28a   0x00000002   PAD
    0x0800c28c   0x00000020   Data   RO        10243    Region$$Table       anon$$obj.o


    Execution Region RW_IRAM1 (Base: 0x20000000, Size: 0x0000b300, Max: 0x00080000, ABSOLUTE, COMPRESSED[0x00000018])

    Base Addr    Size         Type   Attr      Idx    E Section Name        Object

    0x20000000   0x00000018   Data   RW          217    .data               heap_4.o
    0x20000018   0x0000000c   Data   RW          292    .data               port.o
    0x20000024   0x0000003c   Data   RW          547    .data               tasks.o
    0x20000060   0x00000004   Data   RW         3205    .data               stm32f7xx_hal.o
    0x20000064   0x00000004   Data   RW         4881    .data               system_stm32f7xx.o
    0x20000068   0x00000001   Data   RW         4923    .data               agv_followline.o
    0x20000069   0x00000003   PAD
    0x2000006c   0x0000000c   Data   RW         4996    .data               io.o
    0x20000078   0x00000004   Data   RW         5052    .data               agvconfig.o
    0x2000007c   0x00000008   Data   RW         5189    .data               ff.o
    0x20000084   0x0000000c   Data   RW         6073    .data               timeouts.o
    0x20000090   0x00000008   Data   RW         6254    .data               ip4_frag.o
    0x20000098   0x00000001   Data   RW         6713    .data               pbuf.o
    0x20000099   0x00000003   PAD
    0x2000009c   0x00000004   Data   RW         7199    .data               sys_arch.o
    0x200000a0   0x00000004   Data   RW         7487    .data               memp.o
    0x200000a4   0x00000004   Data   RW         7488    .data               memp.o
    0x200000a8   0x00000004   Data   RW         7489    .data               memp.o
    0x200000ac   0x00000004   Data   RW         7490    .data               memp.o
    0x200000b0   0x00000004   Data   RW         7491    .data               memp.o
    0x200000b4   0x00000004   Data   RW         7492    .data               memp.o
    0x200000b8   0x00000004   Data   RW         7493    .data               memp.o
    0x200000bc   0x00000004   Data   RW         7494    .data               memp.o
    0x200000c0   0x00000004   Data   RW         7495    .data               memp.o
    0x200000c4   0x00000004   Data   RW         7496    .data               memp.o
    0x200000c8   0x00000004   Data   RW         7497    .data               memp.o
    0x200000cc   0x00000004   Data   RW         7498    .data               memp.o
    0x200000d0   0x00000004   Data   RW         7499    .data               memp.o
    0x200000d4   0x00000001   Data   RW         7724    .data               etharp.o
    0x200000d5   0x00000003   PAD
    0x200000d8   0x00000010   Data   RW         8071    .data               tcpip.o
    0x200000e8   0x0000000c   Data   RW         8176    .data               netif.o
    0x200000f4   0x00000024   Data   RW         8288    .data               tcp_in.o
    0x20000118   0x00000008   Data   RW         8561    .data               udp.o
    0x20000120   0x00000002   Data   RW         8659    .data               ip4.o
    0x20000122   0x00000002   PAD
    0x20000124   0x00000010   Data   RW         9018    .data               mem.o
    0x20000134   0x00000020   Data   RW         9110    .data               tcp.o
    0x20000154   0x00000004   Data   RW         9583    .data               ethernetif.o
    0x20000158   0x00000018   Data   RW         9666    .data               lwip.o
    0x20000170   0x00000005   Data   RW         9840    .data               fatfs.o
    0x20000175   0x00000003   PAD
    0x20000178   0x00000008   Data   RW         9968    .data               sd_diskio.o
    0x20000180   0x00000010   Data   RW        10139    .data               freertos.o
    0x20000190   0x00000001   Data   RW        10148    .data               freertos.o
    0x20000191   0x00000003   PAD
    0x20000194   0x00003c00   Zero   RW          216    .bss                heap_4.o
    0x20003d94   0x000000f0   Zero   RW          546    .bss                tasks.o
    0x20003e84   0x00000040   Zero   RW          817    .bss                queue.o
    0x20003ec4   0x00000004   PAD
    0x20003ec8   0x00000090   Zero   RW         5048    .bss                agvconfig.o
    0x20003f58   0x00000020   Zero   RW         5187    .bss                ff.o
    0x20003f78   0x0000000c   Zero   RW         5584    .bss                ff_gen_drv.o
    0x20003f84   0x00000083   Zero   RW         7460    .bss                memp.o
    0x20004007   0x000002fb   Zero   RW         7461    .bss                memp.o
    0x20004302   0x000000e3   Zero   RW         7462    .bss                memp.o
    0x200043e5   0x00000103   Zero   RW         7463    .bss                memp.o
    0x200044e8   0x000000a3   Zero   RW         7464    .bss                memp.o
    0x2000458b   0x0000016b   Zero   RW         7465    .bss                memp.o
    0x200046f6   0x00000023   Zero   RW         7466    .bss                memp.o
    0x20004719   0x000000b3   Zero   RW         7467    .bss                memp.o
    0x200047cc   0x00000083   Zero   RW         7468    .bss                memp.o
    0x2000484f   0x00000083   Zero   RW         7469    .bss                memp.o
    0x200048d2   0x00000033   Zero   RW         7470    .bss                memp.o
    0x20004905   0x00000103   Zero   RW         7471    .bss                memp.o
    0x20004a08   0x00002603   Zero   RW         7472    .bss                memp.o
    0x2000700b   0x00000001   PAD
    0x2000700c   0x000000f0   Zero   RW         7723    .bss                etharp.o
    0x200070fc   0x00000010   Zero   RW         8287    .bss                tcp_in.o
    0x2000710c   0x00000018   Zero   RW         8444    .bss                ip.o
    0x20007124   0x00000653   Zero   RW         9017    .bss                mem.o
    0x20007777   0x00000001   PAD
    0x20007778   0x00000084   Zero   RW         9507    .bss                sdmmc.o
    0x200077fc   0x000030e8   Zero   RW         9580    .bss                ethernetif.o
    0x2000a8e4   0x00000030   Zero   RW         9665    .bss                lwip.o
    0x2000a914   0x00000090   Zero   RW         9726    .bss                adc.o
    0x2000a9a4   0x00000020   Zero   RW         9797    .bss                rtc.o
    0x2000a9c4   0x00000070   Zero   RW         9877    .bss                usart.o
    0x2000aa34   0x00000064   Zero   RW         9919    .bss                spi.o
    0x2000aa98   0x00000464   Zero   RW        10134    .bss                freertos.o
    0x2000aefc   0x00000004   PAD
    0x2000af00   0x00000400   Zero   RW            1    STACK               startup_stm32f767xx.o


==============================================================================

Image component sizes


      Code (inc. data)   RO Data    RW Data    ZI Data      Debug   Object Name

       316         76          0          0        144       2602   adc.o
      1562         58          0          1          0      10058   agv_followline.o
       184         12          0          4        144       9934   agvconfig.o
         0          0          0          0          0      18591   api_msg.o
       144         20          0          0          0       3915   bsp_driver_sd.o
       838         34          0          0          0      30516   cmsis_os.o
         0          0          0          0          0       2924   croutine.o
         8          0          0          0          0       1250   def.o
       140         26          0          0          0       4177   diskio.o
      1436         56          0          1        240      13255   etharp.o
       234          6         12          0          0       2966   ethernet.o
       920         76         26          4      12520      11188   ethernetif.o
         0          0          0          0          0      10808   event_groups.o
        32         10          0          5          0       1768   fatfs.o
      5152         84        156          8         32      45924   ff.o
        70          6          0          0         12       1899   ff_gen_drv.o
       268         64        118         17       1124       7004   freertos.o
       560         32          0          0          0       1423   gpio.o
       484         24          0         24      15360       7919   heap_4.o
       372          4          0          0          0       4082   icmp.o
        34          0          0          0          0        636   init.o
       280         38          0         12          0       3840   io.o
         0          0          0          0         24       3146   ip.o
       706         30          0          2          0       5492   ip4.o
        46          0          4          0          0       7110   ip4_addr.o
      1346         36          0          8          0      10750   ip4_frag.o
       136          0          0          0          0     940314   list.o
       168         16          0         24         48       5201   lwip.o
       398         28          0          0          0      41314   main.o
       672         34          0         16       1619       5993   mem.o
       184         16        208         52      12423      11592   memp.o
       330         16          0         12          0      10429   netif.o
      1116         32          0          1          0      14346   pbuf.o
       738         82          0         12          0      12689   port.o
         0          0          0          0          0       2044   pppos.o
      1916         18          0          0         64      21620   queue.o
       200         34          0          0         32       1839   rtc.o
       336         32         28          8          0       5272   sd_diskio.o
       156         24          0          0        132       1876   sdmmc.o
       180         36          0          0        100       1933   spi.o
        36          8        504          0       1024        908   startup_stm32f767xx.o
       126         22          0          4          0       4291   stm32f7xx_hal.o
       748         32          0          0          0       3147   stm32f7xx_hal_adc.o
       218         12          0          0          0      36633   stm32f7xx_hal_cortex.o
       202          0          0          0          0       3865   stm32f7xx_hal_dma.o
      2006         66          0          0          0      13652   stm32f7xx_hal_eth.o
       518         60          0          0          0       4843   stm32f7xx_hal_gpio.o
        88          0          0          0          0        598   stm32f7xx_hal_msp.o
       108          8          0          0          0       1412   stm32f7xx_hal_pwr_ex.o
      1272         70          0          0          0       6084   stm32f7xx_hal_rcc.o
      1340         22          0          0          0       2508   stm32f7xx_hal_rcc_ex.o
       768         14          0          0          0       6544   stm32f7xx_hal_rtc.o
        20          0          0          0          0       1931   stm32f7xx_hal_rtc_ex.o
      2856         24          0          0          0      20634   stm32f7xx_hal_sd.o
       432          6          0          0          0       3880   stm32f7xx_hal_spi.o
      1652         78          0          0          0      11701   stm32f7xx_hal_uart.o
       110         28          0          0          0       6450   stm32f7xx_it.o
      1626         42          0          0          0      25072   stm32f7xx_ll_sdmmc.o
       318         26         12          4          0      14296   sys_arch.o
        60          0          0          0          0       3800   syscall.o
        84         16         24          4          0       1443   system_stm32f7xx.o
      2156        182          0         60        240      25828   tasks.o
      2352         80        201         32          0      30363   tcp.o
      4152        130          0         36         16      20591   tcp_in.o
      1826         10          0          0          0      13887   tcp_out.o
       368         46          0         16          0       7315   tcpip.o
       492         72         24         12          0      20499   timeouts.o
       346         14          0          8          0       5387   udp.o
       204         38          0          0        112       1968   usart.o

    ----------------------------------------------------------------------
     48232       2166       1356        404      45420    1599169   Object Totals
         0          0         32          0          0          0   (incl. Generated)
        86          0          7         17         10          0   (incl. Padding)

    ----------------------------------------------------------------------

      Code (inc. data)   RO Data    RW Data    ZI Data      Debug   Library Member Name

        58          0          0          0          0          0   __dczerorl.o
         0          0          0          0          0          0   entry.o
         0          0          0          0          0          0   entry10a.o
         0          0          0          0          0          0   entry11a.o
         8          4          0          0          0          0   entry2.o
         4          0          0          0          0          0   entry5.o
         0          0          0          0          0          0   entry7b.o
         0          0          0          0          0          0   entry8b.o
         8          4          0          0          0          0   entry9a.o
        30          0          0          0          0          0   handlers.o
        36          8          0          0          0         68   init.o
        26          0          0          0          0         80   memcmp.o
        36          0          0          0          0         68   memcpya.o
        36          0          0          0          0        108   memseta.o

    ----------------------------------------------------------------------
       248         16          0          0          0        324   Library Totals
         6          0          0          0          0          0   (incl. Padding)

    ----------------------------------------------------------------------

      Code (inc. data)   RO Data    RW Data    ZI Data      Debug   Library Name

       242         16          0          0          0        324   mc_w.l

    ----------------------------------------------------------------------
       248         16          0          0          0        324   Library Totals

    ----------------------------------------------------------------------

==============================================================================


      Code (inc. data)   RO Data    RW Data    ZI Data      Debug   

     48480       2182       1356        404      45420    1554673   Grand Totals
     48480       2182       1356         24      45420    1554673   ELF Image Totals (compressed)
     48480       2182       1356         24          0          0   ROM Totals

==============================================================================

    Total RO  Size (Code + RO Data)                49836 (  48.67kB)
    Total RW  Size (RW Data + ZI Data)             45824 (  44.75kB)
    Total ROM Size (Code + RO Data + RW Data)      49860 (  48.69kB)

==============================================================================

